Archive member included to satisfy reference by file (symbol)

/home/j/.local/sw4stm32/plugins/fr.ac6.mcu.externaltools.arm-none.linux64_1.16.0.201807130628/tools/compiler/bin/../lib/gcc/arm-none-eabi/7.2.1/../../../../arm-none-eabi/lib/thumb/v7-m/libc_nano.a(lib_a-exit.o)
                              /home/j/.local/sw4stm32/plugins/fr.ac6.mcu.externaltools.arm-none.linux64_1.16.0.201807130628/tools/compiler/bin/../lib/gcc/arm-none-eabi/7.2.1/../../../../arm-none-eabi/lib/thumb/v7-m/crt0.o (exit)
/home/j/.local/sw4stm32/plugins/fr.ac6.mcu.externaltools.arm-none.linux64_1.16.0.201807130628/tools/compiler/bin/../lib/gcc/arm-none-eabi/7.2.1/../../../../arm-none-eabi/lib/thumb/v7-m/libc_nano.a(lib_a-impure.o)
                              /home/j/.local/sw4stm32/plugins/fr.ac6.mcu.externaltools.arm-none.linux64_1.16.0.201807130628/tools/compiler/bin/../lib/gcc/arm-none-eabi/7.2.1/../../../../arm-none-eabi/lib/thumb/v7-m/libc_nano.a(lib_a-exit.o) (_global_impure_ptr)
/home/j/.local/sw4stm32/plugins/fr.ac6.mcu.externaltools.arm-none.linux64_1.16.0.201807130628/tools/compiler/bin/../lib/gcc/arm-none-eabi/7.2.1/../../../../arm-none-eabi/lib/thumb/v7-m/libc_nano.a(lib_a-init.o)
                              /home/j/.local/sw4stm32/plugins/fr.ac6.mcu.externaltools.arm-none.linux64_1.16.0.201807130628/tools/compiler/bin/../lib/gcc/arm-none-eabi/7.2.1/../../../../arm-none-eabi/lib/thumb/v7-m/crt0.o (__libc_init_array)
/home/j/.local/sw4stm32/plugins/fr.ac6.mcu.externaltools.arm-none.linux64_1.16.0.201807130628/tools/compiler/bin/../lib/gcc/arm-none-eabi/7.2.1/../../../../arm-none-eabi/lib/thumb/v7-m/libc_nano.a(lib_a-memcpy-stub.o)
                              Middlewares/FreeRTOS/queue.o (memcpy)
/home/j/.local/sw4stm32/plugins/fr.ac6.mcu.externaltools.arm-none.linux64_1.16.0.201807130628/tools/compiler/bin/../lib/gcc/arm-none-eabi/7.2.1/../../../../arm-none-eabi/lib/thumb/v7-m/libc_nano.a(lib_a-memset.o)
                              /home/j/.local/sw4stm32/plugins/fr.ac6.mcu.externaltools.arm-none.linux64_1.16.0.201807130628/tools/compiler/bin/../lib/gcc/arm-none-eabi/7.2.1/../../../../arm-none-eabi/lib/thumb/v7-m/crt0.o (memset)
/home/j/.local/sw4stm32/plugins/fr.ac6.mcu.externaltools.arm-none.linux64_1.16.0.201807130628/tools/compiler/bin/../lib/gcc/arm-none-eabi/7.2.1/../../../../arm-none-eabi/lib/thumb/v7-m/libc_nano.a(lib_a-printf.o)
                              Src/main.o (printf)
/home/j/.local/sw4stm32/plugins/fr.ac6.mcu.externaltools.arm-none.linux64_1.16.0.201807130628/tools/compiler/bin/../lib/gcc/arm-none-eabi/7.2.1/../../../../arm-none-eabi/lib/thumb/v7-m/libc_nano.a(lib_a-puts.o)
                              Src/main.o (puts)
/home/j/.local/sw4stm32/plugins/fr.ac6.mcu.externaltools.arm-none.linux64_1.16.0.201807130628/tools/compiler/bin/../lib/gcc/arm-none-eabi/7.2.1/../../../../arm-none-eabi/lib/thumb/v7-m/libc_nano.a(lib_a-wbuf.o)
                              /home/j/.local/sw4stm32/plugins/fr.ac6.mcu.externaltools.arm-none.linux64_1.16.0.201807130628/tools/compiler/bin/../lib/gcc/arm-none-eabi/7.2.1/../../../../arm-none-eabi/lib/thumb/v7-m/libc_nano.a(lib_a-puts.o) (__swbuf_r)
/home/j/.local/sw4stm32/plugins/fr.ac6.mcu.externaltools.arm-none.linux64_1.16.0.201807130628/tools/compiler/bin/../lib/gcc/arm-none-eabi/7.2.1/../../../../arm-none-eabi/lib/thumb/v7-m/libc_nano.a(lib_a-wsetup.o)
                              /home/j/.local/sw4stm32/plugins/fr.ac6.mcu.externaltools.arm-none.linux64_1.16.0.201807130628/tools/compiler/bin/../lib/gcc/arm-none-eabi/7.2.1/../../../../arm-none-eabi/lib/thumb/v7-m/libc_nano.a(lib_a-puts.o) (__swsetup_r)
/home/j/.local/sw4stm32/plugins/fr.ac6.mcu.externaltools.arm-none.linux64_1.16.0.201807130628/tools/compiler/bin/../lib/gcc/arm-none-eabi/7.2.1/../../../../arm-none-eabi/lib/thumb/v7-m/libc_nano.a(lib_a-fflush.o)
                              /home/j/.local/sw4stm32/plugins/fr.ac6.mcu.externaltools.arm-none.linux64_1.16.0.201807130628/tools/compiler/bin/../lib/gcc/arm-none-eabi/7.2.1/../../../../arm-none-eabi/lib/thumb/v7-m/libc_nano.a(lib_a-wbuf.o) (_fflush_r)
/home/j/.local/sw4stm32/plugins/fr.ac6.mcu.externaltools.arm-none.linux64_1.16.0.201807130628/tools/compiler/bin/../lib/gcc/arm-none-eabi/7.2.1/../../../../arm-none-eabi/lib/thumb/v7-m/libc_nano.a(lib_a-findfp.o)
                              /home/j/.local/sw4stm32/plugins/fr.ac6.mcu.externaltools.arm-none.linux64_1.16.0.201807130628/tools/compiler/bin/../lib/gcc/arm-none-eabi/7.2.1/../../../../arm-none-eabi/lib/thumb/v7-m/libc_nano.a(lib_a-printf.o) (__sinit)
/home/j/.local/sw4stm32/plugins/fr.ac6.mcu.externaltools.arm-none.linux64_1.16.0.201807130628/tools/compiler/bin/../lib/gcc/arm-none-eabi/7.2.1/../../../../arm-none-eabi/lib/thumb/v7-m/libc_nano.a(lib_a-fwalk.o)
[...]
Memory Configuration

Name             Origin             Length             Attributes
RAM              0x0000000020000000 0x0000000000010000 xrw
FLASH            0x0000000008000000 0x0000000000060000 xr
*default*        0x0000000000000000 0xffffffffffffffff

Linker script and memory map

LOAD /home/j/.local/sw4stm32/plugins/fr.ac6.mcu.externaltools.arm-none.linux64_1.16.0.201807130628/tools/compiler/bin/../lib/gcc/arm-none-eabi/7.2.1/thumb/v7-m/crti.o
LOAD /home/j/.local/sw4stm32/plugins/fr.ac6.mcu.externaltools.arm-none.linux64_1.16.0.201807130628/tools/compiler/bin/../lib/gcc/arm-none-eabi/7.2.1/thumb/v7-m/crtbegin.o
LOAD /home/j/.local/sw4stm32/plugins/fr.ac6.mcu.externaltools.arm-none.linux64_1.16.0.201807130628/tools/compiler/bin/../lib/gcc/arm-none-eabi/7.2.1/../../../../arm-none-eabi/lib/thumb/v7-m/crt0.o
LOAD /home/j/.local/sw4stm32/plugins/fr.ac6.mcu.externaltools.arm-none.linux64_1.16.0.201807130628/tools/compiler/bin/../lib/gcc/arm-none-eabi/7.2.1/../../../../arm-none-eabi/lib/thumb/v7-m/libm.a
LOAD Drivers/STM32F1xx_HAL_Driver/stm32f1xx_hal.o
LOAD Drivers/STM32F1xx_HAL_Driver/stm32f1xx_hal_cortex.o
LOAD Drivers/STM32F1xx_HAL_Driver/stm32f1xx_hal_dma.o
LOAD Drivers/STM32F1xx_HAL_Driver/stm32f1xx_hal_flash.o
LOAD Drivers/STM32F1xx_HAL_Driver/stm32f1xx_hal_flash_ex.o
LOAD Drivers/STM32F1xx_HAL_Driver/stm32f1xx_hal_gpio.o
LOAD Drivers/STM32F1xx_HAL_Driver/stm32f1xx_hal_gpio_ex.o
LOAD Drivers/STM32F1xx_HAL_Driver/stm32f1xx_hal_iwdg.o
LOAD Drivers/STM32F1xx_HAL_Driver/stm32f1xx_hal_pwr.o
LOAD Drivers/STM32F1xx_HAL_Driver/stm32f1xx_hal_rcc.o
LOAD Drivers/STM32F1xx_HAL_Driver/stm32f1xx_hal_rcc_ex.o
LOAD Drivers/STM32F1xx_HAL_Driver/stm32f1xx_hal_spi.o
LOAD Drivers/STM32F1xx_HAL_Driver/stm32f1xx_hal_spi_ex.o
LOAD Drivers/STM32F1xx_HAL_Driver/stm32f1xx_hal_tim.o
LOAD Drivers/STM32F1xx_HAL_Driver/stm32f1xx_hal_tim_ex.o
LOAD Drivers/STM32F1xx_HAL_Driver/stm32f1xx_hal_uart.o
LOAD Middlewares/FreeRTOS/cmsis_os.o
LOAD Middlewares/FreeRTOS/croutine.o
LOAD Middlewares/FreeRTOS/event_groups.o
LOAD Middlewares/FreeRTOS/heap_4.o
LOAD Middlewares/FreeRTOS/list.o
LOAD Middlewares/FreeRTOS/port.o
LOAD Middlewares/FreeRTOS/queue.o
LOAD Middlewares/FreeRTOS/tasks.o
LOAD Middlewares/FreeRTOS/timers.o
LOAD Src/freertos.o
LOAD Src/gpio.o
LOAD Src/iwdg.o
LOAD Src/main.o
LOAD Src/spi.o
LOAD Src/stm32f1xx_hal_msp.o
LOAD Src/stm32f1xx_hal_timebase_TIM.o
LOAD Src/stm32f1xx_it.o
LOAD Src/system_stm32f1xx.o
LOAD Src/usart.o
LOAD startup/startup_stm32f103xe.o
START GROUP
LOAD /home/j/.local/sw4stm32/plugins/fr.ac6.mcu.externaltools.arm-none.linux64_1.16.0.201807130628/tools/compiler/bin/../lib/gcc/arm-none-eabi/7.2.1/thumb/v7-m/libgcc.a
LOAD /home/j/.local/sw4stm32/plugins/fr.ac6.mcu.externaltools.arm-none.linux64_1.16.0.201807130628/tools/compiler/bin/../lib/gcc/arm-none-eabi/7.2.1/../../../../arm-none-eabi/lib/thumb/v7-m/libc_nano.a
END GROUP
START GROUP
LOAD /home/j/.local/sw4stm32/plugins/fr.ac6.mcu.externaltools.arm-none.linux64_1.16.0.201807130628/tools/compiler/bin/../lib/gcc/arm-none-eabi/7.2.1/thumb/v7-m/libgcc.a
LOAD /home/j/.local/sw4stm32/plugins/fr.ac6.mcu.externaltools.arm-none.linux64_1.16.0.201807130628/tools/compiler/bin/../lib/gcc/arm-none-eabi/7.2.1/../../../../arm-none-eabi/lib/thumb/v7-m/libc_nano.a
LOAD /home/j/.local/sw4stm32/plugins/fr.ac6.mcu.externaltools.arm-none.linux64_1.16.0.201807130628/tools/compiler/bin/../lib/gcc/arm-none-eabi/7.2.1/../../../../arm-none-eabi/lib/thumb/v7-m/libnosys.a
END GROUP
START GROUP
LOAD /home/j/.local/sw4stm32/plugins/fr.ac6.mcu.externaltools.arm-none.linux64_1.16.0.201807130628/tools/compiler/bin/../lib/gcc/arm-none-eabi/7.2.1/thumb/v7-m/libgcc.a
LOAD /home/j/.local/sw4stm32/plugins/fr.ac6.mcu.externaltools.arm-none.linux64_1.16.0.201807130628/tools/compiler/bin/../lib/gcc/arm-none-eabi/7.2.1/../../../../arm-none-eabi/lib/thumb/v7-m/libc_nano.a
LOAD /home/j/.local/sw4stm32/plugins/fr.ac6.mcu.externaltools.arm-none.linux64_1.16.0.201807130628/tools/compiler/bin/../lib/gcc/arm-none-eabi/7.2.1/../../../../arm-none-eabi/lib/thumb/v7-m/libnosys.a
END GROUP
LOAD /home/j/.local/sw4stm32/plugins/fr.ac6.mcu.externaltools.arm-none.linux64_1.16.0.201807130628/tools/compiler/bin/../lib/gcc/arm-none-eabi/7.2.1/thumb/v7-m/crtend.o
LOAD /home/j/.local/sw4stm32/plugins/fr.ac6.mcu.externaltools.arm-none.linux64_1.16.0.201807130628/tools/compiler/bin/../lib/gcc/arm-none-eabi/7.2.1/thumb/v7-m/crtn.o
                0x0000000020010000                _estack = 0x20010000
                0x0000000000000200                _Min_Heap_Size = 0x200
                0x0000000000000400                _Min_Stack_Size = 0x400

.isr_vector     0x0000000008000000      0x1e4
                0x0000000008000000                . = ALIGN (0x4)
 *(.isr_vector)
 .isr_vector    0x0000000008000000      0x1e4 startup/startup_stm32f103xe.o
                0x0000000008000000                g_pfnVectors
                0x00000000080001e4                . = ALIGN (0x4)

.text           0x00000000080001f0     0x3754
                0x00000000080001f0                . = ALIGN (0x4)
 *(.text)
 .text          0x00000000080001f0       0x40 /home/j/.local/sw4stm32/plugins/fr.ac6.mcu.externaltools.arm-none.linux64_1.16.0.201807130628/tools/compiler/bin/../lib/gcc/arm-none-eabi/7.2.1/thumb/v7-m/crtbegin.o
 *(.text*)
 .text.HAL_Init
                0x0000000008000230       0x20 Drivers/STM32F1xx_HAL_Driver/stm32f1xx_hal.o
                0x0000000008000230                HAL_Init
 .text.HAL_IncTick
                0x0000000008000250       0x18 Drivers/STM32F1xx_HAL_Driver/stm32f1xx_hal.o
                0x0000000008000250                HAL_IncTick
 .text.HAL_GetTick
                0x0000000008000268        0xc Drivers/STM32F1xx_HAL_Driver/stm32f1xx_hal.o
                0x0000000008000268                HAL_GetTick
 .text.HAL_NVIC_SetPriorityGrouping
                0x0000000008000274       0x3c Drivers/STM32F1xx_HAL_Driver/stm32f1xx_hal_cortex.o
                0x0000000008000274                HAL_NVIC_SetPriorityGrouping
 .text.HAL_NVIC_SetPriority
                0x00000000080002b0       0x8c Drivers/STM32F1xx_HAL_Driver/stm32f1xx_hal_cortex.o
                0x00000000080002b0                HAL_NVIC_SetPriority
 .text.HAL_NVIC_EnableIRQ
                0x000000000800033c       0x2c Drivers/STM32F1xx_HAL_Driver/stm32f1xx_hal_cortex.o
                0x000000000800033c                HAL_NVIC_EnableIRQ
 .text.HAL_SYSTICK_Config
                0x0000000008000368       0x2c Drivers/STM32F1xx_HAL_Driver/stm32f1xx_hal_cortex.o
                0x0000000008000368                HAL_SYSTICK_Config
 .text.HAL_SYSTICK_CLKSourceConfig
                0x0000000008000394       0x3c Drivers/STM32F1xx_HAL_Driver/stm32f1xx_hal_cortex.o
                0x0000000008000394                HAL_SYSTICK_CLKSourceConfig
 .text.HAL_GPIO_Init
                0x00000000080003d0      0x358 Drivers/STM32F1xx_HAL_Driver/stm32f1xx_hal_gpio.o
                0x00000000080003d0                HAL_GPIO_Init
 .text.HAL_GPIO_WritePin
                0x0000000008000728       0x38 Drivers/STM32F1xx_HAL_Driver/stm32f1xx_hal_gpio.o
                0x0000000008000728                HAL_GPIO_WritePin
 .text.HAL_GPIO_TogglePin
                0x0000000008000760       0x20 Drivers/STM32F1xx_HAL_Driver/stm32f1xx_hal_gpio.o
                0x0000000008000760                HAL_GPIO_TogglePin
 .text.HAL_IWDG_Init
                0x0000000008000780       0x88 Drivers/STM32F1xx_HAL_Driver/stm32f1xx_hal_iwdg.o
                0x0000000008000780                HAL_IWDG_Init
 .text.RCC_Delay
                0x0000000008000808       0x2c Drivers/STM32F1xx_HAL_Driver/stm32f1xx_hal_rcc.o
 .text.HAL_RCC_OscConfig
                0x0000000008000834      0x520 Drivers/STM32F1xx_HAL_Driver/stm32f1xx_hal_rcc.o
                0x0000000008000834                HAL_RCC_OscConfig
 .text.HAL_RCC_GetSysClockFreq
                0x0000000008000d54       0x70 Drivers/STM32F1xx_HAL_Driver/stm32f1xx_hal_rcc.o
                0x0000000008000d54                HAL_RCC_GetSysClockFreq
 .text.HAL_RCC_ClockConfig
                0x0000000008000dc4      0x240 Drivers/STM32F1xx_HAL_Driver/stm32f1xx_hal_rcc.o
                0x0000000008000dc4                HAL_RCC_ClockConfig
 .text.HAL_RCC_GetHCLKFreq
                0x0000000008001004        0xc Drivers/STM32F1xx_HAL_Driver/stm32f1xx_hal_rcc.o
                0x0000000008001004                HAL_RCC_GetHCLKFreq
 .text.HAL_RCC_GetPCLK1Freq
                0x0000000008001010       0x20 Drivers/STM32F1xx_HAL_Driver/stm32f1xx_hal_rcc.o
                0x0000000008001010                HAL_RCC_GetPCLK1Freq
 .text.HAL_RCC_GetPCLK2Freq
                0x0000000008001030       0x20 Drivers/STM32F1xx_HAL_Driver/stm32f1xx_hal_rcc.o
                0x0000000008001030                HAL_RCC_GetPCLK2Freq
 .text.HAL_RCC_GetClockConfig
                0x0000000008001050       0x64 Drivers/STM32F1xx_HAL_Driver/stm32f1xx_hal_rcc.o
                0x0000000008001050                HAL_RCC_GetClockConfig
 .text.HAL_SPI_Init
                0x00000000080010b4      0x16c Drivers/STM32F1xx_HAL_Driver/stm32f1xx_hal_spi_ex.o
                0x00000000080010b4                HAL_SPI_Init
 .text.HAL_TIM_Base_MspInit
                0x0000000008001220        0x2 Drivers/STM32F1xx_HAL_Driver/stm32f1xx_hal_tim.o
                0x0000000008001220                HAL_TIM_Base_MspInit
 *fill*         0x0000000008001222        0x2 
 .text.HAL_TIM_Base_Start_IT
                0x0000000008001224       0x6c Drivers/STM32F1xx_HAL_Driver/stm32f1xx_hal_tim.o
                0x0000000008001224                HAL_TIM_Base_Start_IT
 .text.HAL_TIM_OC_DelayElapsedCallback
                0x0000000008001290        0x2 Drivers/STM32F1xx_HAL_Driver/stm32f1xx_hal_tim.o
                0x0000000008001290                HAL_TIM_OC_DelayElapsedCallback
 .text.HAL_TIM_IC_CaptureCallback
                0x0000000008001292        0x2 Drivers/STM32F1xx_HAL_Driver/stm32f1xx_hal_tim.o
                0x0000000008001292                HAL_TIM_IC_CaptureCallback
 .text.HAL_TIM_PWM_PulseFinishedCallback
                0x0000000008001294        0x2 Drivers/STM32F1xx_HAL_Driver/stm32f1xx_hal_tim.o
                0x0000000008001294                HAL_TIM_PWM_PulseFinishedCallback
 .text.HAL_TIM_TriggerCallback
                0x0000000008001296        0x2 Drivers/STM32F1xx_HAL_Driver/stm32f1xx_hal_tim.o
                0x0000000008001296                HAL_TIM_TriggerCallback
 .text.HAL_TIM_IRQHandler
                0x0000000008001298      0x17a Drivers/STM32F1xx_HAL_Driver/stm32f1xx_hal_tim.o
                0x0000000008001298                HAL_TIM_IRQHandler
 *fill*         0x0000000008001412        0x2 
 .text.TIM_Base_SetConfig
                0x0000000008001414       0x98 Drivers/STM32F1xx_HAL_Driver/stm32f1xx_hal_tim.o
                0x0000000008001414                TIM_Base_SetConfig
 .text.HAL_TIM_Base_Init
                0x00000000080014ac       0xd0 Drivers/STM32F1xx_HAL_Driver/stm32f1xx_hal_tim.o
                0x00000000080014ac                HAL_TIM_Base_Init
 .text.HAL_TIMEx_CommutationCallback
                0x000000000800157c        0x2 Drivers/STM32F1xx_HAL_Driver/stm32f1xx_hal_tim_ex.o
                0x000000000800157c                HAL_TIMEx_CommutationCallback
 .text.HAL_TIMEx_BreakCallback
                0x000000000800157e        0x2 Drivers/STM32F1xx_HAL_Driver/stm32f1xx_hal_tim_ex.o
                0x000000000800157e                HAL_TIMEx_BreakCallback
 .text.UART_SetConfig
                0x0000000008001580      0x214 Drivers/STM32F1xx_HAL_Driver/stm32f1xx_hal_uart.o
 .text.HAL_UART_Init
                0x0000000008001794       0xfc Drivers/STM32F1xx_HAL_Driver/stm32f1xx_hal_uart.o
                0x0000000008001794                HAL_UART_Init
 .text.makeFreeRtosPriority
                0x0000000008001890        0xc Middlewares/FreeRTOS/cmsis_os.o
 .text.osKernelStart
                0x000000000800189c        0xa Middlewares/FreeRTOS/cmsis_os.o
                0x000000000800189c                osKernelStart
 .text.osThreadCreate
                0x00000000080018a6       0x34 Middlewares/FreeRTOS/cmsis_os.o
                0x00000000080018a6                osThreadCreate
 *fill*         0x00000000080018da        0x2 
 .text.osThreadYield
                0x00000000080018dc       0x18 Middlewares/FreeRTOS/cmsis_os.o
                0x00000000080018dc                osThreadYield
 .text.osSystickHandler
                0x00000000080018f4       0x10 Middlewares/FreeRTOS/cmsis_os.o
                0x00000000080018f4                osSystickHandler
 .text.prvHeapInit
                0x0000000008001904       0x54 Middlewares/FreeRTOS/heap_4.o
 .text.prvInsertBlockIntoFreeList
                0x0000000008001958       0x58 Middlewares/FreeRTOS/heap_4.o
 .text.pvPortMalloc
                0x00000000080019b0      0x10c Middlewares/FreeRTOS/heap_4.o
                0x00000000080019b0                pvPortMalloc
 .text.vPortFree
                0x0000000008001abc       0x70 Middlewares/FreeRTOS/heap_4.o
                0x0000000008001abc                vPortFree
 .text.vListInitialise
                0x0000000008001b2c       0x16 Middlewares/FreeRTOS/list.o
                0x0000000008001b2c                vListInitialise
 .text.vListInitialiseItem
                0x0000000008001b42        0x6 Middlewares/FreeRTOS/list.o
                0x0000000008001b42                vListInitialiseItem
 .text.vListInsertEnd
                0x0000000008001b48       0x18 Middlewares/FreeRTOS/list.o
                0x0000000008001b48                vListInsertEnd
 .text.uxListRemove
                0x0000000008001b60       0x26 Middlewares/FreeRTOS/list.o
                0x0000000008001b60                uxListRemove
 *fill*         0x0000000008001b86        0x2 
 .text.prvTaskExitError
                0x0000000008001b88       0x34 Middlewares/FreeRTOS/port.o
 .text.prvPortStartFirstTask
                0x0000000008001bbc       0x20 Middlewares/FreeRTOS/port.o
 .text.pxPortInitialiseStack
                0x0000000008001bdc       0x24 Middlewares/FreeRTOS/port.o
                0x0000000008001bdc                pxPortInitialiseStack
 .text.SVC_Handler
                0x0000000008001c00       0x24 Middlewares/FreeRTOS/port.o
                0x0000000008001c00                SVC_Handler
 .text.vPortEnterCritical
                0x0000000008001c24       0x44 Middlewares/FreeRTOS/port.o
                0x0000000008001c24                vPortEnterCritical
 .text.vPortExitCritical
                0x0000000008001c68       0x2c Middlewares/FreeRTOS/port.o
                0x0000000008001c68                vPortExitCritical
 *fill*         0x0000000008001c94        0xc 
 .text.PendSV_Handler
                0x0000000008001ca0       0x44 Middlewares/FreeRTOS/port.o
                0x0000000008001ca0                PendSV_Handler
 .text.xPortSysTickHandler
                0x0000000008001ce4       0x2c Middlewares/FreeRTOS/port.o
                0x0000000008001ce4                xPortSysTickHandler
 .text.vPortSetupTimerInterrupt
                0x0000000008001d10       0x2c Middlewares/FreeRTOS/port.o
                0x0000000008001d10                vPortSetupTimerInterrupt
 .text.xPortStartScheduler
                0x0000000008001d3c       0x90 Middlewares/FreeRTOS/port.o
                0x0000000008001d3c                xPortStartScheduler
 .text.prvResetNextTaskUnblockTime
                0x0000000008001dcc       0x24 Middlewares/FreeRTOS/tasks.o
 .text.prvDeleteTCB
                0x0000000008001df0       0x12 Middlewares/FreeRTOS/tasks.o
 .text.prvInitialiseNewTask
                0x0000000008001e02       0x80 Middlewares/FreeRTOS/tasks.o
 *fill*         0x0000000008001e82        0x2 
 .text.prvInitialiseTaskLists
                0x0000000008001e84       0x58 Middlewares/FreeRTOS/tasks.o
 .text.prvAddNewTaskToReadyList
                0x0000000008001edc       0xac Middlewares/FreeRTOS/tasks.o
 .text.xTaskCreate
                0x0000000008001f88       0x62 Middlewares/FreeRTOS/tasks.o
                0x0000000008001f88                xTaskCreate
 *fill*         0x0000000008001fea        0x2 
 .text.vTaskStartScheduler
                0x0000000008001fec       0x74 Middlewares/FreeRTOS/tasks.o
                0x0000000008001fec                vTaskStartScheduler
 .text.vTaskSuspendAll
                0x0000000008002060       0x14 Middlewares/FreeRTOS/tasks.o
                0x0000000008002060                vTaskSuspendAll
 .text.xTaskIncrementTick
                0x0000000008002074      0x10c Middlewares/FreeRTOS/tasks.o
                0x0000000008002074                xTaskIncrementTick
 .text.xTaskResumeAll
                0x0000000008002180       0xf0 Middlewares/FreeRTOS/tasks.o
                0x0000000008002180                xTaskResumeAll
 .text.prvCheckTasksWaitingTermination
                0x0000000008002270       0x54 Middlewares/FreeRTOS/tasks.o
 .text.prvIdleTask
                0x00000000080022c4       0x28 Middlewares/FreeRTOS/tasks.o
 .text.vTaskSwitchContext
                0x00000000080022ec       0x90 Middlewares/FreeRTOS/tasks.o
                0x00000000080022ec                vTaskSwitchContext
 .text.xTaskGetSchedulerState
                0x000000000800237c       0x20 Middlewares/FreeRTOS/tasks.o
                0x000000000800237c                xTaskGetSchedulerState
 .text.toggle_led
                0x000000000800239c       0xa4 Src/freertos.o
 .text.update_led
                0x0000000008002440       0x30 Src/freertos.o
 .text.StartDefaultTask
                0x0000000008002470        0xc Src/freertos.o
                0x0000000008002470                StartDefaultTask
 .text.MX_FREERTOS_Init
                0x000000000800247c       0x8c Src/freertos.o
                0x000000000800247c                MX_FREERTOS_Init
 .text.MX_GPIO_Init
                0x0000000008002508       0xa4 Src/gpio.o
                0x0000000008002508                MX_GPIO_Init
 .text.MX_IWDG_Init
                0x00000000080025ac       0x30 Src/iwdg.o
                0x00000000080025ac                MX_IWDG_Init
 .text.HAL_TIM_PeriodElapsedCallback
                0x00000000080025dc       0x18 Src/main.o
                0x00000000080025dc                HAL_TIM_PeriodElapsedCallback
 .text._Error_Handler
                0x00000000080025f4        0x2 Src/main.o
                0x00000000080025f4                _Error_Handler
 *fill*         0x00000000080025f6        0x2 
 .text.SystemClock_Config
                0x00000000080025f8       0x88 Src/main.o
                0x00000000080025f8                SystemClock_Config
 .text.main     0x0000000008002680       0x38 Src/main.o
                0x0000000008002680                main
 .text.assert_failed
                0x00000000080026b8        0x2 Src/main.o
                0x00000000080026b8                assert_failed
 *fill*         0x00000000080026ba        0x2 
 .text.MX_SPI2_Init
                0x00000000080026bc       0x48 Src/spi.o
                0x00000000080026bc                MX_SPI2_Init
 .text.HAL_SPI_MspInit
                0x0000000008002704       0x5c Src/spi.o
                0x0000000008002704                HAL_SPI_MspInit
 .text.HAL_MspInit
                0x0000000008002760       0x8c Src/stm32f1xx_hal_msp.o
                0x0000000008002760                HAL_MspInit
 .text.HAL_InitTick
                0x00000000080027ec       0x78 Src/stm32f1xx_hal_timebase_TIM.o
                0x00000000080027ec                HAL_InitTick
 .text.NMI_Handler
                0x0000000008002864        0x2 Src/stm32f1xx_it.o
                0x0000000008002864                NMI_Handler
 .text.HardFault_Handler
                0x0000000008002866        0x2 Src/stm32f1xx_it.o
                0x0000000008002866                HardFault_Handler
 .text.MemManage_Handler
                0x0000000008002868        0x2 Src/stm32f1xx_it.o
                0x0000000008002868                MemManage_Handler
 .text.BusFault_Handler
                0x000000000800286a        0x2 Src/stm32f1xx_it.o
                0x000000000800286a                BusFault_Handler
 .text.UsageFault_Handler
                0x000000000800286c        0x2 Src/stm32f1xx_it.o
                0x000000000800286c                UsageFault_Handler
 .text.DebugMon_Handler
                0x000000000800286e        0x2 Src/stm32f1xx_it.o
                0x000000000800286e                DebugMon_Handler
 .text.SysTick_Handler
                0x0000000008002870        0x8 Src/stm32f1xx_it.o
                0x0000000008002870                SysTick_Handler
 .text.TIM8_UP_IRQHandler
                0x0000000008002878       0x10 Src/stm32f1xx_it.o
                0x0000000008002878                TIM8_UP_IRQHandler
 .text.SystemInit
                0x0000000008002888       0x4c Src/system_stm32f1xx.o
                0x0000000008002888                SystemInit
 .text.MX_USART1_UART_Init
                0x00000000080028d4       0x3c Src/usart.o
                0x00000000080028d4                MX_USART1_UART_Init
 .text.HAL_UART_MspInit
                0x0000000008002910       0x5c Src/usart.o
                0x0000000008002910                HAL_UART_MspInit
 .text.Reset_Handler
                0x000000000800296c       0x48 startup/startup_stm32f103xe.o
                0x000000000800296c                Reset_Handler
 .text.Default_Handler
                0x00000000080029b4        0x2 startup/startup_stm32f103xe.o
                0x00000000080029b4                RTC_Alarm_IRQHandler
                0x00000000080029b4                EXTI2_IRQHandler
                0x00000000080029b4                TIM8_TRG_COM_IRQHandler
                0x00000000080029b4                TIM8_CC_IRQHandler
                0x00000000080029b4                TIM1_CC_IRQHandler
                0x00000000080029b4                TIM6_IRQHandler
                0x00000000080029b4                PVD_IRQHandler
                0x00000000080029b4                SDIO_IRQHandler
                0x00000000080029b4                EXTI3_IRQHandler
                0x00000000080029b4                EXTI0_IRQHandler
                0x00000000080029b4                I2C2_EV_IRQHandler
                0x00000000080029b4                ADC1_2_IRQHandler
                0x00000000080029b4                SPI1_IRQHandler
                0x00000000080029b4                TAMPER_IRQHandler
                0x00000000080029b4                DMA2_Channel2_IRQHandler
                0x00000000080029b4                DMA1_Channel4_IRQHandler
                0x00000000080029b4                USART3_IRQHandler
                0x00000000080029b4                RTC_IRQHandler
                0x00000000080029b4                DMA1_Channel7_IRQHandler
                0x00000000080029b4                CAN1_RX1_IRQHandler
                0x00000000080029b4                UART5_IRQHandler
                0x00000000080029b4                ADC3_IRQHandler
                0x00000000080029b4                TIM4_IRQHandler
                0x00000000080029b4                DMA2_Channel1_IRQHandler
                0x00000000080029b4                I2C1_EV_IRQHandler
                0x00000000080029b4                DMA1_Channel6_IRQHandler
                0x00000000080029b4                UART4_IRQHandler
                0x00000000080029b4                TIM3_IRQHandler
                0x00000000080029b4                RCC_IRQHandler
                0x00000000080029b4                TIM1_TRG_COM_IRQHandler
                0x00000000080029b4                DMA1_Channel1_IRQHandler
                0x00000000080029b4                Default_Handler
                0x00000000080029b4                EXTI15_10_IRQHandler
                0x00000000080029b4                TIM7_IRQHandler
                0x00000000080029b4                TIM5_IRQHandler
                0x00000000080029b4                EXTI9_5_IRQHandler
                0x00000000080029b4                SPI2_IRQHandler
                0x00000000080029b4                DMA1_Channel5_IRQHandler
                0x00000000080029b4                EXTI4_IRQHandler
                0x00000000080029b4                USB_LP_CAN1_RX0_IRQHandler
                0x00000000080029b4                USB_HP_CAN1_TX_IRQHandler
                0x00000000080029b4                DMA1_Channel3_IRQHandler
                0x00000000080029b4                FSMC_IRQHandler
                0x00000000080029b4                TIM1_UP_IRQHandler
                0x00000000080029b4                WWDG_IRQHandler
                0x00000000080029b4                TIM2_IRQHandler
                0x00000000080029b4                TIM1_BRK_IRQHandler
                0x00000000080029b4                EXTI1_IRQHandler
                0x00000000080029b4                DMA2_Channel4_5_IRQHandler
                0x00000000080029b4                USART2_IRQHandler
                0x00000000080029b4                I2C2_ER_IRQHandler
                0x00000000080029b4                DMA1_Channel2_IRQHandler
                0x00000000080029b4                TIM8_BRK_IRQHandler
                0x00000000080029b4                CAN1_SCE_IRQHandler
                0x00000000080029b4                FLASH_IRQHandler
                0x00000000080029b4                USART1_IRQHandler
                0x00000000080029b4                SPI3_IRQHandler
                0x00000000080029b4                I2C1_ER_IRQHandler
                0x00000000080029b4                USBWakeUp_IRQHandler
                0x00000000080029b4                DMA2_Channel3_IRQHandler
 *fill*         0x00000000080029b6        0x2 
 .text.__libc_init_array
                0x00000000080029b8       0x48 /home/j/.local/sw4stm32/plugins/fr.ac6.mcu.externaltools.arm-none.linux64_1.16.0.201807130628/tools/compiler/bin/../lib/gcc/arm-none-eabi/7.2.1/../../../../arm-none-eabi/lib/thumb/v7-m/libc_nano.a(lib_a-init.o)
                0x00000000080029b8                __libc_init_array
 .text.memset   0x0000000008002a00       0x10 /home/j/.local/sw4stm32/plugins/fr.ac6.mcu.externaltools.arm-none.linux64_1.16.0.201807130628/tools/compiler/bin/../lib/gcc/arm-none-eabi/7.2.1/../../../../arm-none-eabi/lib/thumb/v7-m/libc_nano.a(lib_a-memset.o)
                0x0000000008002a00                memset
 .text.printf   0x0000000008002a10       0x30 /home/j/.local/sw4stm32/plugins/fr.ac6.mcu.externaltools.arm-none.linux64_1.16.0.201807130628/tools/compiler/bin/../lib/gcc/arm-none-eabi/7.2.1/../../../../arm-none-eabi/lib/thumb/v7-m/libc_nano.a(lib_a-printf.o)
                0x0000000008002a10                printf
                0x0000000008002a10                iprintf
 .text._puts_r  0x0000000008002a40       0xb8 /home/j/.local/sw4stm32/plugins/fr.ac6.mcu.externaltools.arm-none.linux64_1.16.0.201807130628/tools/compiler/bin/../lib/gcc/arm-none-eabi/7.2.1/../../../../arm-none-eabi/lib/thumb/v7-m/libc_nano.a(lib_a-puts.o)
                0x0000000008002a40                _puts_r
 .text.puts     0x0000000008002af8       0x10 /home/j/.local/sw4stm32/plugins/fr.ac6.mcu.externaltools.arm-none.linux64_1.16.0.201807130628/tools/compiler/bin/../lib/gcc/arm-none-eabi/7.2.1/../../../../arm-none-eabi/lib/thumb/v7-m/libc_nano.a(lib_a-puts.o)
                0x0000000008002af8                puts
 .text.__swbuf_r
                0x0000000008002b08       0xa4 /home/j/.local/sw4stm32/plugins/fr.ac6.mcu.externaltools.arm-none.linux64_1.16.0.201807130628/tools/compiler/bin/../lib/gcc/arm-none-eabi/7.2.1/../../../../arm-none-eabi/lib/thumb/v7-m/libc_nano.a(lib_a-wbuf.o)
                0x0000000008002b08                __swbuf_r
 .text.__swsetup_r
                0x0000000008002bac       0xdc /home/j/.local/sw4stm32/plugins/fr.ac6.mcu.externaltools.arm-none.linux64_1.16.0.201807130628/tools/compiler/bin/../lib/gcc/arm-none-eabi/7.2.1/../../../../arm-none-eabi/lib/thumb/v7-m/libc_nano.a(lib_a-wsetup.o)
                0x0000000008002bac                __swsetup_r
 .text.__sflush_r
                0x0000000008002c88      0x10c /home/j/.local/sw4stm32/plugins/fr.ac6.mcu.externaltools.arm-none.linux64_1.16.0.201807130628/tools/compiler/bin/../lib/gcc/arm-none-eabi/7.2.1/../../../../arm-none-eabi/lib/thumb/v7-m/libc_nano.a(lib_a-fflush.o)
                0x0000000008002c88                __sflush_r
 .text._fflush_r
                0x0000000008002d94       0x54 /home/j/.local/sw4stm32/plugins/fr.ac6.mcu.externaltools.arm-none.linux64_1.16.0.201807130628/tools/compiler/bin/../lib/gcc/arm-none-eabi/7.2.1/../../../../arm-none-eabi/lib/thumb/v7-m/libc_nano.a(lib_a-fflush.o)
                0x0000000008002d94                _fflush_r
 .text.std      0x0000000008002de8       0x48 /home/j/.local/sw4stm32/plugins/fr.ac6.mcu.externaltools.arm-none.linux64_1.16.0.201807130628/tools/compiler/bin/../lib/gcc/arm-none-eabi/7.2.1/../../../../arm-none-eabi/lib/thumb/v7-m/libc_nano.a(lib_a-findfp.o)
 .text._cleanup_r
                0x0000000008002e30        0xc /home/j/.local/sw4stm32/plugins/fr.ac6.mcu.externaltools.arm-none.linux64_1.16.0.201807130628/tools/compiler/bin/../lib/gcc/arm-none-eabi/7.2.1/../../../../arm-none-eabi/lib/thumb/v7-m/libc_nano.a(lib_a-findfp.o)
                0x0000000008002e30                _cleanup_r
 .text.__sfmoreglue
                0x0000000008002e3c       0x2c /home/j/.local/sw4stm32/plugins/fr.ac6.mcu.externaltools.arm-none.linux64_1.16.0.201807130628/tools/compiler/bin/../lib/gcc/arm-none-eabi/7.2.1/../../../../arm-none-eabi/lib/thumb/v7-m/libc_nano.a(lib_a-findfp.o)
                0x0000000008002e3c                __sfmoreglue
 .text.__sinit  0x0000000008002e68       0x60 /home/j/.local/sw4stm32/plugins/fr.ac6.mcu.externaltools.arm-none.linux64_1.16.0.201807130628/tools/compiler/bin/../lib/gcc/arm-none-eabi/7.2.1/../../../../arm-none-eabi/lib/thumb/v7-m/libc_nano.a(lib_a-findfp.o)
                0x0000000008002e68                __sinit
 .text.__sfp    0x0000000008002ec8       0x78 /home/j/.local/sw4stm32/plugins/fr.ac6.mcu.externaltools.arm-none.linux64_1.16.0.201807130628/tools/compiler/bin/../lib/gcc/arm-none-eabi/7.2.1/../../../../arm-none-eabi/lib/thumb/v7-m/libc_nano.a(lib_a-findfp.o)
                0x0000000008002ec8                __sfp
 .text._fwalk_reent
                0x0000000008002f40       0x3c /home/j/.local/sw4stm32/plugins/fr.ac6.mcu.externaltools.arm-none.linux64_1.16.0.201807130628/tools/compiler/bin/../lib/gcc/arm-none-eabi/7.2.1/../../../../arm-none-eabi/lib/thumb/v7-m/libc_nano.a(lib_a-fwalk.o)
                0x0000000008002f40                _fwalk_reent
 .text.__swhatbuf_r
                0x0000000008002f7c       0x48 /home/j/.local/sw4stm32/plugins/fr.ac6.mcu.externaltools.arm-none.linux64_1.16.0.201807130628/tools/compiler/bin/../lib/gcc/arm-none-eabi/7.2.1/../../../../arm-none-eabi/lib/thumb/v7-m/libc_nano.a(lib_a-makebuf.o)
                0x0000000008002f7c                __swhatbuf_r
 .text.__smakebuf_r
                0x0000000008002fc4       0x80 /home/j/.local/sw4stm32/plugins/fr.ac6.mcu.externaltools.arm-none.linux64_1.16.0.201807130628/tools/compiler/bin/../lib/gcc/arm-none-eabi/7.2.1/../../../../arm-none-eabi/lib/thumb/v7-m/libc_nano.a(lib_a-makebuf.o)
                0x0000000008002fc4                __smakebuf_r
 .text._free_r  0x0000000008003044       0x98 /home/j/.local/sw4stm32/plugins/fr.ac6.mcu.externaltools.arm-none.linux64_1.16.0.201807130628/tools/compiler/bin/../lib/gcc/arm-none-eabi/7.2.1/../../../../arm-none-eabi/lib/thumb/v7-m/libc_nano.a(lib_a-nano-freer.o)
                0x0000000008003044                _free_r
 .text._malloc_r
                0x00000000080030dc       0xb4 /home/j/.local/sw4stm32/plugins/fr.ac6.mcu.externaltools.arm-none.linux64_1.16.0.201807130628/tools/compiler/bin/../lib/gcc/arm-none-eabi/7.2.1/../../../../arm-none-eabi/lib/thumb/v7-m/libc_nano.a(lib_a-nano-mallocr.o)
                0x00000000080030dc                _malloc_r
 .text.__sfputc_r
                0x0000000008003190       0x2a /home/j/.local/sw4stm32/plugins/fr.ac6.mcu.externaltools.arm-none.linux64_1.16.0.201807130628/tools/compiler/bin/../lib/gcc/arm-none-eabi/7.2.1/../../../../arm-none-eabi/lib/thumb/v7-m/libc_nano.a(lib_a-nano-vfprintf.o)
 .text.__sfputs_r
                0x00000000080031ba       0x24 /home/j/.local/sw4stm32/plugins/fr.ac6.mcu.externaltools.arm-none.linux64_1.16.0.201807130628/tools/compiler/bin/../lib/gcc/arm-none-eabi/7.2.1/../../../../arm-none-eabi/lib/thumb/v7-m/libc_nano.a(lib_a-nano-vfprintf.o)
                0x00000000080031ba                __sfputs_r
 *fill*         0x00000000080031de        0x2 
 .text._vfprintf_r
                0x00000000080031e0      0x228 /home/j/.local/sw4stm32/plugins/fr.ac6.mcu.externaltools.arm-none.linux64_1.16.0.201807130628/tools/compiler/bin/../lib/gcc/arm-none-eabi/7.2.1/../../../../arm-none-eabi/lib/thumb/v7-m/libc_nano.a(lib_a-nano-vfprintf.o)
                0x00000000080031e0                _vfiprintf_r
                0x00000000080031e0                _vfprintf_r
 .text._printf_common
                0x0000000008003408       0xec /home/j/.local/sw4stm32/plugins/fr.ac6.mcu.externaltools.arm-none.linux64_1.16.0.201807130628/tools/compiler/bin/../lib/gcc/arm-none-eabi/7.2.1/../../../../arm-none-eabi/lib/thumb/v7-m/libc_nano.a(lib_a-nano-vfprintf_i.o)
                0x0000000008003408                _printf_common
 .text._printf_i
                0x00000000080034f4      0x224 /home/j/.local/sw4stm32/plugins/fr.ac6.mcu.externaltools.arm-none.linux64_1.16.0.201807130628/tools/compiler/bin/../lib/gcc/arm-none-eabi/7.2.1/../../../../arm-none-eabi/lib/thumb/v7-m/libc_nano.a(lib_a-nano-vfprintf_i.o)
                0x00000000080034f4                _printf_i
 .text._sbrk_r  0x0000000008003718       0x20 /home/j/.local/sw4stm32/plugins/fr.ac6.mcu.externaltools.arm-none.linux64_1.16.0.201807130628/tools/compiler/bin/../lib/gcc/arm-none-eabi/7.2.1/../../../../arm-none-eabi/lib/thumb/v7-m/libc_nano.a(lib_a-sbrkr.o)
                0x0000000008003718                _sbrk_r
 .text.__sread  0x0000000008003738       0x22 /home/j/.local/sw4stm32/plugins/fr.ac6.mcu.externaltools.arm-none.linux64_1.16.0.201807130628/tools/compiler/bin/../lib/gcc/arm-none-eabi/7.2.1/../../../../arm-none-eabi/lib/thumb/v7-m/libc_nano.a(lib_a-stdio.o)
                0x0000000008003738                __sread
 .text.__swrite
                0x000000000800375a       0x38 /home/j/.local/sw4stm32/plugins/fr.ac6.mcu.externaltools.arm-none.linux64_1.16.0.201807130628/tools/compiler/bin/../lib/gcc/arm-none-eabi/7.2.1/../../../../arm-none-eabi/lib/thumb/v7-m/libc_nano.a(lib_a-stdio.o)
                0x000000000800375a                __swrite
 .text.__sseek  0x0000000008003792       0x24 /home/j/.local/sw4stm32/plugins/fr.ac6.mcu.externaltools.arm-none.linux64_1.16.0.201807130628/tools/compiler/bin/../lib/gcc/arm-none-eabi/7.2.1/../../../../arm-none-eabi/lib/thumb/v7-m/libc_nano.a(lib_a-stdio.o)
                0x0000000008003792                __sseek
 .text.__sclose
                0x00000000080037b6        0x8 /home/j/.local/sw4stm32/plugins/fr.ac6.mcu.externaltools.arm-none.linux64_1.16.0.201807130628/tools/compiler/bin/../lib/gcc/arm-none-eabi/7.2.1/../../../../arm-none-eabi/lib/thumb/v7-m/libc_nano.a(lib_a-stdio.o)
                0x00000000080037b6                __sclose
 *fill*         0x00000000080037be        0x2 
 .text._write_r
                0x00000000080037c0       0x24 /home/j/.local/sw4stm32/plugins/fr.ac6.mcu.externaltools.arm-none.linux64_1.16.0.201807130628/tools/compiler/bin/../lib/gcc/arm-none-eabi/7.2.1/../../../../arm-none-eabi/lib/thumb/v7-m/libc_nano.a(lib_a-writer.o)
                0x00000000080037c0                _write_r
 .text._close_r
                0x00000000080037e4       0x20 /home/j/.local/sw4stm32/plugins/fr.ac6.mcu.externaltools.arm-none.linux64_1.16.0.201807130628/tools/compiler/bin/../lib/gcc/arm-none-eabi/7.2.1/../../../../arm-none-eabi/lib/thumb/v7-m/libc_nano.a(lib_a-closer.o)
                0x00000000080037e4                _close_r
 .text._fstat_r
                0x0000000008003804       0x24 /home/j/.local/sw4stm32/plugins/fr.ac6.mcu.externaltools.arm-none.linux64_1.16.0.201807130628/tools/compiler/bin/../lib/gcc/arm-none-eabi/7.2.1/../../../../arm-none-eabi/lib/thumb/v7-m/libc_nano.a(lib_a-fstatr.o)
                0x0000000008003804                _fstat_r
 .text._isatty_r
                0x0000000008003828       0x20 /home/j/.local/sw4stm32/plugins/fr.ac6.mcu.externaltools.arm-none.linux64_1.16.0.201807130628/tools/compiler/bin/../lib/gcc/arm-none-eabi/7.2.1/../../../../arm-none-eabi/lib/thumb/v7-m/libc_nano.a(lib_a-isattyr.o)
                0x0000000008003828                _isatty_r
 .text._lseek_r
                0x0000000008003848       0x24 /home/j/.local/sw4stm32/plugins/fr.ac6.mcu.externaltools.arm-none.linux64_1.16.0.201807130628/tools/compiler/bin/../lib/gcc/arm-none-eabi/7.2.1/../../../../arm-none-eabi/lib/thumb/v7-m/libc_nano.a(lib_a-lseekr.o)
                0x0000000008003848                _lseek_r
 .text.memchr   0x000000000800386c       0x1c /home/j/.local/sw4stm32/plugins/fr.ac6.mcu.externaltools.arm-none.linux64_1.16.0.201807130628/tools/compiler/bin/../lib/gcc/arm-none-eabi/7.2.1/../../../../arm-none-eabi/lib/thumb/v7-m/libc_nano.a(lib_a-memchr-stub.o)
                0x000000000800386c                memchr
 .text.__malloc_lock
                0x0000000008003888        0x2 /home/j/.local/sw4stm32/plugins/fr.ac6.mcu.externaltools.arm-none.linux64_1.16.0.201807130628/tools/compiler/bin/../lib/gcc/arm-none-eabi/7.2.1/../../../../arm-none-eabi/lib/thumb/v7-m/libc_nano.a(lib_a-mlock.o)
                0x0000000008003888                __malloc_lock
 .text.__malloc_unlock
                0x000000000800388a        0x2 /home/j/.local/sw4stm32/plugins/fr.ac6.mcu.externaltools.arm-none.linux64_1.16.0.201807130628/tools/compiler/bin/../lib/gcc/arm-none-eabi/7.2.1/../../../../arm-none-eabi/lib/thumb/v7-m/libc_nano.a(lib_a-mlock.o)
                0x000000000800388a                __malloc_unlock
 .text._read_r  0x000000000800388c       0x24 /home/j/.local/sw4stm32/plugins/fr.ac6.mcu.externaltools.arm-none.linux64_1.16.0.201807130628/tools/compiler/bin/../lib/gcc/arm-none-eabi/7.2.1/../../../../arm-none-eabi/lib/thumb/v7-m/libc_nano.a(lib_a-readr.o)
                0x000000000800388c                _read_r
 .text._close   0x00000000080038b0       0x10 /home/j/.local/sw4stm32/plugins/fr.ac6.mcu.externaltools.arm-none.linux64_1.16.0.201807130628/tools/compiler/bin/../lib/gcc/arm-none-eabi/7.2.1/../../../../arm-none-eabi/lib/thumb/v7-m/libnosys.a(close.o)
                0x00000000080038b0                _close
 .text._fstat   0x00000000080038c0       0x10 /home/j/.local/sw4stm32/plugins/fr.ac6.mcu.externaltools.arm-none.linux64_1.16.0.201807130628/tools/compiler/bin/../lib/gcc/arm-none-eabi/7.2.1/../../../../arm-none-eabi/lib/thumb/v7-m/libnosys.a(fstat.o)
                0x00000000080038c0                _fstat
 .text._isatty  0x00000000080038d0       0x10 /home/j/.local/sw4stm32/plugins/fr.ac6.mcu.externaltools.arm-none.linux64_1.16.0.201807130628/tools/compiler/bin/../lib/gcc/arm-none-eabi/7.2.1/../../../../arm-none-eabi/lib/thumb/v7-m/libnosys.a(isatty.o)
                0x00000000080038d0                _isatty
 .text._lseek   0x00000000080038e0       0x10 /home/j/.local/sw4stm32/plugins/fr.ac6.mcu.externaltools.arm-none.linux64_1.16.0.201807130628/tools/compiler/bin/../lib/gcc/arm-none-eabi/7.2.1/../../../../arm-none-eabi/lib/thumb/v7-m/libnosys.a(lseek.o)
                0x00000000080038e0                _lseek
 .text._read    0x00000000080038f0       0x10 /home/j/.local/sw4stm32/plugins/fr.ac6.mcu.externaltools.arm-none.linux64_1.16.0.201807130628/tools/compiler/bin/../lib/gcc/arm-none-eabi/7.2.1/../../../../arm-none-eabi/lib/thumb/v7-m/libnosys.a(read.o)
                0x00000000080038f0                _read
 .text._sbrk    0x0000000008003900       0x1c /home/j/.local/sw4stm32/plugins/fr.ac6.mcu.externaltools.arm-none.linux64_1.16.0.201807130628/tools/compiler/bin/../lib/gcc/arm-none-eabi/7.2.1/../../../../arm-none-eabi/lib/thumb/v7-m/libnosys.a(sbrk.o)
                0x0000000008003900                _sbrk
 .text._write   0x000000000800391c       0x10 /home/j/.local/sw4stm32/plugins/fr.ac6.mcu.externaltools.arm-none.linux64_1.16.0.201807130628/tools/compiler/bin/../lib/gcc/arm-none-eabi/7.2.1/../../../../arm-none-eabi/lib/thumb/v7-m/libnosys.a(write.o)
                0x000000000800391c                _write
 *(.glue_7)
 .glue_7        0x000000000800392c        0x0 linker stubs
 *(.glue_7t)
 .glue_7t       0x000000000800392c        0x0 linker stubs
 *(.eh_frame)
 .eh_frame      0x000000000800392c        0x0 /home/j/.local/sw4stm32/plugins/fr.ac6.mcu.externaltools.arm-none.linux64_1.16.0.201807130628/tools/compiler/bin/../lib/gcc/arm-none-eabi/7.2.1/thumb/v7-m/crtbegin.o
 *(.init)
 .init          0x000000000800392c        0x4 /home/j/.local/sw4stm32/plugins/fr.ac6.mcu.externaltools.arm-none.linux64_1.16.0.201807130628/tools/compiler/bin/../lib/gcc/arm-none-eabi/7.2.1/thumb/v7-m/crti.o
                0x000000000800392c                _init
 .init          0x0000000008003930        0x8 /home/j/.local/sw4stm32/plugins/fr.ac6.mcu.externaltools.arm-none.linux64_1.16.0.201807130628/tools/compiler/bin/../lib/gcc/arm-none-eabi/7.2.1/thumb/v7-m/crtn.o
 *(.fini)
 .fini          0x0000000008003938        0x4 /home/j/.local/sw4stm32/plugins/fr.ac6.mcu.externaltools.arm-none.linux64_1.16.0.201807130628/tools/compiler/bin/../lib/gcc/arm-none-eabi/7.2.1/thumb/v7-m/crti.o
                0x0000000008003938                _fini
 .fini          0x000000000800393c        0x8 /home/j/.local/sw4stm32/plugins/fr.ac6.mcu.externaltools.arm-none.linux64_1.16.0.201807130628/tools/compiler/bin/../lib/gcc/arm-none-eabi/7.2.1/thumb/v7-m/crtn.o
                0x0000000008003944                . = ALIGN (0x4)
                0x0000000008003944                _etext = .

.vfp11_veneer   0x0000000008003944        0x0
 .vfp11_veneer  0x0000000008003944        0x0 linker stubs

.v4_bx          0x0000000008003944        0x0
 .v4_bx         0x0000000008003944        0x0 linker stubs

.iplt           0x0000000008003944        0x0
 .iplt          0x0000000008003944        0x0 /home/j/.local/sw4stm32/plugins/fr.ac6.mcu.externaltools.arm-none.linux64_1.16.0.201807130628/tools/compiler/bin/../lib/gcc/arm-none-eabi/7.2.1/thumb/v7-m/crtbegin.o

.rodata         0x0000000008003944      0x448
                0x0000000008003944                . = ALIGN (0x4)
 *(.rodata)
 .rodata        0x0000000008003944       0x12 Drivers/STM32F1xx_HAL_Driver/stm32f1xx_hal_rcc.o
 *fill*         0x0000000008003956        0x2 
 .rodata        0x0000000008003958       0x14 Src/freertos.o
 .rodata        0x000000000800396c       0x18 Src/system_stm32f1xx.o
                0x000000000800396c                AHBPrescTable
                0x000000000800397c                APBPrescTable
 *(.rodata*)
 .rodata.str1.4
                0x0000000008003984       0x70 Drivers/STM32F1xx_HAL_Driver/stm32f1xx_hal_cortex.o
 .rodata.str1.4
                0x00000000080039f4       0x6e Drivers/STM32F1xx_HAL_Driver/stm32f1xx_hal_gpio.o
 *fill*         0x0000000008003a62        0x2 
 .rodata.str1.4
                0x0000000008003a64       0x6e Drivers/STM32F1xx_HAL_Driver/stm32f1xx_hal_iwdg.o
 *fill*         0x0000000008003ad2        0x2 
 .rodata.str1.4
                0x0000000008003ad4       0x6d Drivers/STM32F1xx_HAL_Driver/stm32f1xx_hal_rcc.o
 *fill*         0x0000000008003b41        0x3 
 .rodata.str1.4
                0x0000000008003b44       0x70 Drivers/STM32F1xx_HAL_Driver/stm32f1xx_hal_spi_ex.o
 .rodata.str1.4
                0x0000000008003bb4       0x6d Drivers/STM32F1xx_HAL_Driver/stm32f1xx_hal_tim.o
 *fill*         0x0000000008003c21        0x3 
 .rodata.str1.4
                0x0000000008003c24       0x6e Drivers/STM32F1xx_HAL_Driver/stm32f1xx_hal_uart.o
 *fill*         0x0000000008003c92        0x2 
 .rodata.str1.4
                0x0000000008003c94        0x5 Middlewares/FreeRTOS/tasks.o
 *fill*         0x0000000008003c99        0x3 
 .rodata.str1.4
                0x0000000008003c9c        0xc Src/freertos.o
 .rodata.str1.4
                0x0000000008003ca8        0xe Src/iwdg.o
 *fill*         0x0000000008003cb6        0x2 
 .rodata.str1.4
                0x0000000008003cb8       0x1a Src/main.o
 *fill*         0x0000000008003cd2        0x2 
 .rodata.str1.4
                0x0000000008003cd4        0xd Src/spi.o
 *fill*         0x0000000008003ce1        0x3 
 .rodata.str1.4
                0x0000000008003ce4       0x10 Src/usart.o
                                          0xf (size before relaxing)
 .rodata._global_impure_ptr
                0x0000000008003cf4        0x4 /home/j/.local/sw4stm32/plugins/fr.ac6.mcu.externaltools.arm-none.linux64_1.16.0.201807130628/tools/compiler/bin/../lib/gcc/arm-none-eabi/7.2.1/../../../../arm-none-eabi/lib/thumb/v7-m/libc_nano.a(lib_a-impure.o)
                0x0000000008003cf4                _global_impure_ptr
 .rodata.__sf_fake_stderr
                0x0000000008003cf8       0x20 /home/j/.local/sw4stm32/plugins/fr.ac6.mcu.externaltools.arm-none.linux64_1.16.0.201807130628/tools/compiler/bin/../lib/gcc/arm-none-eabi/7.2.1/../../../../arm-none-eabi/lib/thumb/v7-m/libc_nano.a(lib_a-findfp.o)
                0x0000000008003cf8                __sf_fake_stderr
 .rodata.__sf_fake_stdin
                0x0000000008003d18       0x20 /home/j/.local/sw4stm32/plugins/fr.ac6.mcu.externaltools.arm-none.linux64_1.16.0.201807130628/tools/compiler/bin/../lib/gcc/arm-none-eabi/7.2.1/../../../../arm-none-eabi/lib/thumb/v7-m/libc_nano.a(lib_a-findfp.o)
                0x0000000008003d18                __sf_fake_stdin
 .rodata.__sf_fake_stdout
                0x0000000008003d38       0x20 /home/j/.local/sw4stm32/plugins/fr.ac6.mcu.externaltools.arm-none.linux64_1.16.0.201807130628/tools/compiler/bin/../lib/gcc/arm-none-eabi/7.2.1/../../../../arm-none-eabi/lib/thumb/v7-m/libc_nano.a(lib_a-findfp.o)
                0x0000000008003d38                __sf_fake_stdout
 .rodata._vfprintf_r.str1.1
                0x0000000008003d58       0x11 /home/j/.local/sw4stm32/plugins/fr.ac6.mcu.externaltools.arm-none.linux64_1.16.0.201807130628/tools/compiler/bin/../lib/gcc/arm-none-eabi/7.2.1/../../../../arm-none-eabi/lib/thumb/v7-m/libc_nano.a(lib_a-nano-vfprintf.o)
 .rodata._printf_i.str1.1
                0x0000000008003d69       0x22 /home/j/.local/sw4stm32/plugins/fr.ac6.mcu.externaltools.arm-none.linux64_1.16.0.201807130628/tools/compiler/bin/../lib/gcc/arm-none-eabi/7.2.1/../../../../arm-none-eabi/lib/thumb/v7-m/libc_nano.a(lib_a-nano-vfprintf_i.o)
                0x0000000008003d8c                . = ALIGN (0x4)
 *fill*         0x0000000008003d8b        0x1 

.rel.dyn        0x0000000008003d8c        0x0
 .rel.iplt      0x0000000008003d8c        0x0 /home/j/.local/sw4stm32/plugins/fr.ac6.mcu.externaltools.arm-none.linux64_1.16.0.201807130628/tools/compiler/bin/../lib/gcc/arm-none-eabi/7.2.1/thumb/v7-m/crtbegin.o

.ARM.extab
 *(.ARM.extab* .gnu.linkonce.armextab.*)

.ARM            0x0000000008003d8c        0x0
                0x0000000008003d8c                __exidx_start = .
 *(.ARM.exidx*)
                0x0000000008003d8c                __exidx_end = .

.preinit_array  0x0000000008003d8c        0x0
                0x0000000008003d8c                PROVIDE (__preinit_array_start, .)
 *(.preinit_array*)
                0x0000000008003d8c                PROVIDE (__preinit_array_end, .)

.init_array     0x0000000008003d8c        0x4
                0x0000000008003d8c                PROVIDE (__init_array_start, .)
 *(SORT_BY_NAME(.init_array.*))
 *(.init_array*)
 .init_array    0x0000000008003d8c        0x4 /home/j/.local/sw4stm32/plugins/fr.ac6.mcu.externaltools.arm-none.linux64_1.16.0.201807130628/tools/compiler/bin/../lib/gcc/arm-none-eabi/7.2.1/thumb/v7-m/crtbegin.o
                0x0000000008003d90                PROVIDE (__init_array_end, .)

.fini_array     0x0000000008003d90        0x4
                [!provide]                        PROVIDE (__fini_array_start, .)
 *(SORT_BY_NAME(.fini_array.*))
 *(.fini_array*)
 .fini_array    0x0000000008003d90        0x4 /home/j/.local/sw4stm32/plugins/fr.ac6.mcu.externaltools.arm-none.linux64_1.16.0.201807130628/tools/compiler/bin/../lib/gcc/arm-none-eabi/7.2.1/thumb/v7-m/crtbegin.o
                [!provide]                        PROVIDE (__fini_array_end, .)
                0x0000000008003d94                _sidata = LOADADDR (.data)

.data           0x0000000020000000       0x74 load address 0x0000000008003d94
                0x0000000020000000                . = ALIGN (0x4)
                0x0000000020000000                _sdata = .
 *(.data)
 .data          0x0000000020000000        0x8 Drivers/STM32F1xx_HAL_Driver/stm32f1xx_hal.o
                0x0000000020000000                uwTickFreq
                0x0000000020000004                uwTickPrio
 .data          0x0000000020000008        0x4 Middlewares/FreeRTOS/port.o
 .data          0x000000002000000c        0x4 Src/system_stm32f1xx.o
                0x000000002000000c                SystemCoreClock
 *(.data*)
 .data._impure_ptr
                0x0000000020000010        0x4 /home/j/.local/sw4stm32/plugins/fr.ac6.mcu.externaltools.arm-none.linux64_1.16.0.201807130628/tools/compiler/bin/../lib/gcc/arm-none-eabi/7.2.1/../../../../arm-none-eabi/lib/thumb/v7-m/libc_nano.a(lib_a-impure.o)
                0x0000000020000010                _impure_ptr
 .data.impure_data
                0x0000000020000014       0x60 /home/j/.local/sw4stm32/plugins/fr.ac6.mcu.externaltools.arm-none.linux64_1.16.0.201807130628/tools/compiler/bin/../lib/gcc/arm-none-eabi/7.2.1/../../../../arm-none-eabi/lib/thumb/v7-m/libc_nano.a(lib_a-impure.o)
                0x0000000020000074                . = ALIGN (0x4)
                0x0000000020000074                _edata = .

.igot.plt       0x0000000020000074        0x0 load address 0x0000000008003e08
 .igot.plt      0x0000000020000074        0x0 /home/j/.local/sw4stm32/plugins/fr.ac6.mcu.externaltools.arm-none.linux64_1.16.0.201807130628/tools/compiler/bin/../lib/gcc/arm-none-eabi/7.2.1/thumb/v7-m/crtbegin.o
                0x0000000020000074                . = ALIGN (0x4)

.bss            0x0000000020000074      0xe68 load address 0x0000000008003e08
                0x0000000020000074                _sbss = .
                0x0000000020000074                __bss_start__ = _sbss
 *(.bss)
 .bss           0x0000000020000074       0x1c /home/j/.local/sw4stm32/plugins/fr.ac6.mcu.externaltools.arm-none.linux64_1.16.0.201807130628/tools/compiler/bin/../lib/gcc/arm-none-eabi/7.2.1/thumb/v7-m/crtbegin.o
 .bss           0x0000000020000090      0xc18 Middlewares/FreeRTOS/heap_4.o
 .bss           0x0000000020000ca8        0x8 Middlewares/FreeRTOS/port.o
 .bss           0x0000000020000cb0      0x12c Middlewares/FreeRTOS/tasks.o
                0x0000000020000db0                pxCurrentTCB
 .bss           0x0000000020000ddc        0x3 Src/freertos.o
 *(.bss*)
 *fill*         0x0000000020000ddf        0x1 
 .bss.__malloc_free_list
                0x0000000020000de0        0x4 /home/j/.local/sw4stm32/plugins/fr.ac6.mcu.externaltools.arm-none.linux64_1.16.0.201807130628/tools/compiler/bin/../lib/gcc/arm-none-eabi/7.2.1/../../../../arm-none-eabi/lib/thumb/v7-m/libc_nano.a(lib_a-nano-mallocr.o)
                0x0000000020000de0                __malloc_free_list
 .bss.__malloc_sbrk_start
                0x0000000020000de4        0x4 /home/j/.local/sw4stm32/plugins/fr.ac6.mcu.externaltools.arm-none.linux64_1.16.0.201807130628/tools/compiler/bin/../lib/gcc/arm-none-eabi/7.2.1/../../../../arm-none-eabi/lib/thumb/v7-m/libc_nano.a(lib_a-nano-mallocr.o)
                0x0000000020000de4                __malloc_sbrk_start
 .bss.heap_end.4102
                0x0000000020000de8        0x4 /home/j/.local/sw4stm32/plugins/fr.ac6.mcu.externaltools.arm-none.linux64_1.16.0.201807130628/tools/compiler/bin/../lib/gcc/arm-none-eabi/7.2.1/../../../../arm-none-eabi/lib/thumb/v7-m/libnosys.a(sbrk.o)
 *(COMMON)
 COMMON         0x0000000020000dec        0x4 Drivers/STM32F1xx_HAL_Driver/stm32f1xx_hal.o
                0x0000000020000dec                uwTick
 COMMON         0x0000000020000df0        0x4 Src/freertos.o
                0x0000000020000df0                defaultTaskHandle
 COMMON         0x0000000020000df4        0xc Src/iwdg.o
                0x0000000020000df4                hiwdg
 COMMON         0x0000000020000e00       0x58 Src/spi.o
                0x0000000020000e00                hspi2
 COMMON         0x0000000020000e58       0x40 Src/stm32f1xx_hal_timebase_TIM.o
                0x0000000020000e58                htim8
 COMMON         0x0000000020000e98       0x40 Src/usart.o
                0x0000000020000e98                huart1
 COMMON         0x0000000020000ed8        0x4 /home/j/.local/sw4stm32/plugins/fr.ac6.mcu.externaltools.arm-none.linux64_1.16.0.201807130628/tools/compiler/bin/../lib/gcc/arm-none-eabi/7.2.1/../../../../arm-none-eabi/lib/thumb/v7-m/libc_nano.a(lib_a-reent.o)
                0x0000000020000ed8                errno
                0x0000000020000edc                . = ALIGN (0x4)
                0x0000000020000edc                _ebss = .
                0x0000000020000edc                __bss_end__ = _ebss

._user_heap_stack
                0x0000000020000edc      0x604 load address 0x0000000008003e08
                0x0000000020000ee0                . = ALIGN (0x8)
 *fill*         0x0000000020000edc        0x4 
                0x0000000020000ee0                PROVIDE (end, .)
                [!provide]                        PROVIDE (_end, .)
                0x00000000200010e0                . = (. + _Min_Heap_Size)
 *fill*         0x0000000020000ee0      0x200 
                0x00000000200014e0                . = (. + _Min_Stack_Size)
 *fill*         0x00000000200010e0      0x400 
                0x00000000200014e0                . = ALIGN (0x8)

/DISCARD/
 libc.a(*)
 libm.a(*)
 libgcc.a(*)

.ARM.attributes
                0x0000000000000000       0x29
 *(.ARM.attributes)
 .ARM.attributes
                0x0000000000000000       0x1d /home/j/.local/sw4stm32/plugins/fr.ac6.mcu.externaltools.arm-none.linux64_1.16.0.201807130628/tools/compiler/bin/../lib/gcc/arm-none-eabi/7.2.1/thumb/v7-m/crti.o
 .ARM.attributes
                0x000000000000001d       0x2d /home/j/.local/sw4stm32/plugins/fr.ac6.mcu.externaltools.arm-none.linux64_1.16.0.201807130628/tools/compiler/bin/../lib/gcc/arm-none-eabi/7.2.1/thumb/v7-m/crtbegin.o
 .ARM.attributes
                0x000000000000004a       0x33 Drivers/STM32F1xx_HAL_Driver/stm32f1xx_hal.o
 .ARM.attributes
                0x000000000000007d       0x33 Drivers/STM32F1xx_HAL_Driver/stm32f1xx_hal_cortex.o
 .ARM.attributes
                0x00000000000000b0       0x33 Drivers/STM32F1xx_HAL_Driver/stm32f1xx_hal_gpio.o
 .ARM.attributes
                0x00000000000000e3       0x33 Drivers/STM32F1xx_HAL_Driver/stm32f1xx_hal_iwdg.o
 .ARM.attributes
                0x0000000000000116       0x33 Drivers/STM32F1xx_HAL_Driver/stm32f1xx_hal_rcc.o
 .ARM.attributes
                0x0000000000000149       0x33 Drivers/STM32F1xx_HAL_Driver/stm32f1xx_hal_spi_ex.o
 .ARM.attributes
                0x000000000000017c       0x33 Drivers/STM32F1xx_HAL_Driver/stm32f1xx_hal_tim.o
 .ARM.attributes
                0x00000000000001af       0x33 Drivers/STM32F1xx_HAL_Driver/stm32f1xx_hal_tim_ex.o
 .ARM.attributes
                0x00000000000001e2       0x33 Drivers/STM32F1xx_HAL_Driver/stm32f1xx_hal_uart.o
 .ARM.attributes
                0x0000000000000215       0x33 Middlewares/FreeRTOS/cmsis_os.o
 .ARM.attributes
                0x0000000000000248       0x33 Middlewares/FreeRTOS/heap_4.o
 .ARM.attributes
                0x000000000000027b       0x33 Middlewares/FreeRTOS/list.o
 .ARM.attributes
                0x00000000000002ae       0x33 Middlewares/FreeRTOS/port.o
 .ARM.attributes
                0x00000000000002e1       0x33 Middlewares/FreeRTOS/tasks.o
 .ARM.attributes
                0x0000000000000314       0x33 Src/freertos.o
 .ARM.attributes
                0x0000000000000347       0x33 Src/gpio.o
 .ARM.attributes
                0x000000000000037a       0x33 Src/iwdg.o
 .ARM.attributes
                0x00000000000003ad       0x33 Src/main.o
 .ARM.attributes
                0x00000000000003e0       0x33 Src/spi.o
 .ARM.attributes
                0x0000000000000413       0x33 Src/stm32f1xx_hal_msp.o
 .ARM.attributes
                0x0000000000000446       0x33 Src/stm32f1xx_hal_timebase_TIM.o
 .ARM.attributes
                0x0000000000000479       0x33 Src/stm32f1xx_it.o
 .ARM.attributes
                0x00000000000004ac       0x33 Src/system_stm32f1xx.o
 .ARM.attributes
                0x00000000000004df       0x33 Src/usart.o
 .ARM.attributes
                0x0000000000000512       0x21 startup/startup_stm32f103xe.o
 .ARM.attributes
                0x0000000000000533       0x2d /home/j/.local/sw4stm32/plugins/fr.ac6.mcu.externaltools.arm-none.linux64_1.16.0.201807130628/tools/compiler/bin/../lib/gcc/arm-none-eabi/7.2.1/../../../../arm-none-eabi/lib/thumb/v7-m/libc_nano.a(lib_a-impure.o)
 .ARM.attributes
                0x0000000000000560       0x2d /home/j/.local/sw4stm32/plugins/fr.ac6.mcu.externaltools.arm-none.linux64_1.16.0.201807130628/tools/compiler/bin/../lib/gcc/arm-none-eabi/7.2.1/../../../../arm-none-eabi/lib/thumb/v7-m/libc_nano.a(lib_a-init.o)
 .ARM.attributes
                0x000000000000058d       0x2d /home/j/.local/sw4stm32/plugins/fr.ac6.mcu.externaltools.arm-none.linux64_1.16.0.201807130628/tools/compiler/bin/../lib/gcc/arm-none-eabi/7.2.1/../../../../arm-none-eabi/lib/thumb/v7-m/libc_nano.a(lib_a-memset.o)
 .ARM.attributes
                0x00000000000005ba       0x2d /home/j/.local/sw4stm32/plugins/fr.ac6.mcu.externaltools.arm-none.linux64_1.16.0.201807130628/tools/compiler/bin/../lib/gcc/arm-none-eabi/7.2.1/../../../../arm-none-eabi/lib/thumb/v7-m/libc_nano.a(lib_a-printf.o)
 .ARM.attributes
                0x00000000000005e7       0x2d /home/j/.local/sw4stm32/plugins/fr.ac6.mcu.externaltools.arm-none.linux64_1.16.0.201807130628/tools/compiler/bin/../lib/gcc/arm-none-eabi/7.2.1/../../../../arm-none-eabi/lib/thumb/v7-m/libc_nano.a(lib_a-puts.o)
 .ARM.attributes
                0x0000000000000614       0x2d /home/j/.local/sw4stm32/plugins/fr.ac6.mcu.externaltools.arm-none.linux64_1.16.0.201807130628/tools/compiler/bin/../lib/gcc/arm-none-eabi/7.2.1/../../../../arm-none-eabi/lib/thumb/v7-m/libc_nano.a(lib_a-wbuf.o)
 .ARM.attributes
                0x0000000000000641       0x2d /home/j/.local/sw4stm32/plugins/fr.ac6.mcu.externaltools.arm-none.linux64_1.16.0.201807130628/tools/compiler/bin/../lib/gcc/arm-none-eabi/7.2.1/../../../../arm-none-eabi/lib/thumb/v7-m/libc_nano.a(lib_a-wsetup.o)
 .ARM.attributes
                0x000000000000066e       0x2d /home/j/.local/sw4stm32/plugins/fr.ac6.mcu.externaltools.arm-none.linux64_1.16.0.201807130628/tools/compiler/bin/../lib/gcc/arm-none-eabi/7.2.1/../../../../arm-none-eabi/lib/thumb/v7-m/libc_nano.a(lib_a-fflush.o)
 .ARM.attributes
                0x000000000000069b       0x2d /home/j/.local/sw4stm32/plugins/fr.ac6.mcu.externaltools.arm-none.linux64_1.16.0.201807130628/tools/compiler/bin/../lib/gcc/arm-none-eabi/7.2.1/../../../../arm-none-eabi/lib/thumb/v7-m/libc_nano.a(lib_a-findfp.o)
 .ARM.attributes
                0x00000000000006c8       0x2d /home/j/.local/sw4stm32/plugins/fr.ac6.mcu.externaltools.arm-none.linux64_1.16.0.201807130628/tools/compiler/bin/../lib/gcc/arm-none-eabi/7.2.1/../../../../arm-none-eabi/lib/thumb/v7-m/libc_nano.a(lib_a-fwalk.o)
 .ARM.attributes
                0x00000000000006f5       0x2d /home/j/.local/sw4stm32/plugins/fr.ac6.mcu.externaltools.arm-none.linux64_1.16.0.201807130628/tools/compiler/bin/../lib/gcc/arm-none-eabi/7.2.1/../../../../arm-none-eabi/lib/thumb/v7-m/libc_nano.a(lib_a-makebuf.o)
 .ARM.attributes
                0x0000000000000722       0x2d /home/j/.local/sw4stm32/plugins/fr.ac6.mcu.externaltools.arm-none.linux64_1.16.0.201807130628/tools/compiler/bin/../lib/gcc/arm-none-eabi/7.2.1/../../../../arm-none-eabi/lib/thumb/v7-m/libc_nano.a(lib_a-nano-freer.o)
 .ARM.attributes
                0x000000000000074f       0x2d /home/j/.local/sw4stm32/plugins/fr.ac6.mcu.externaltools.arm-none.linux64_1.16.0.201807130628/tools/compiler/bin/../lib/gcc/arm-none-eabi/7.2.1/../../../../arm-none-eabi/lib/thumb/v7-m/libc_nano.a(lib_a-nano-mallocr.o)
 .ARM.attributes
                0x000000000000077c       0x2d /home/j/.local/sw4stm32/plugins/fr.ac6.mcu.externaltools.arm-none.linux64_1.16.0.201807130628/tools/compiler/bin/../lib/gcc/arm-none-eabi/7.2.1/../../../../arm-none-eabi/lib/thumb/v7-m/libc_nano.a(lib_a-nano-vfprintf.o)
 .ARM.attributes
                0x00000000000007a9       0x2d /home/j/.local/sw4stm32/plugins/fr.ac6.mcu.externaltools.arm-none.linux64_1.16.0.201807130628/tools/compiler/bin/../lib/gcc/arm-none-eabi/7.2.1/../../../../arm-none-eabi/lib/thumb/v7-m/libc_nano.a(lib_a-nano-vfprintf_i.o)
 .ARM.attributes
                0x00000000000007d6       0x2d /home/j/.local/sw4stm32/plugins/fr.ac6.mcu.externaltools.arm-none.linux64_1.16.0.201807130628/tools/compiler/bin/../lib/gcc/arm-none-eabi/7.2.1/../../../../arm-none-eabi/lib/thumb/v7-m/libc_nano.a(lib_a-sbrkr.o)
 .ARM.attributes
                0x0000000000000803       0x2d /home/j/.local/sw4stm32/plugins/fr.ac6.mcu.externaltools.arm-none.linux64_1.16.0.201807130628/tools/compiler/bin/../lib/gcc/arm-none-eabi/7.2.1/../../../../arm-none-eabi/lib/thumb/v7-m/libc_nano.a(lib_a-stdio.o)
 .ARM.attributes
                0x0000000000000830       0x2d /home/j/.local/sw4stm32/plugins/fr.ac6.mcu.externaltools.arm-none.linux64_1.16.0.201807130628/tools/compiler/bin/../lib/gcc/arm-none-eabi/7.2.1/../../../../arm-none-eabi/lib/thumb/v7-m/libc_nano.a(lib_a-writer.o)
 .ARM.attributes
                0x000000000000085d       0x2d /home/j/.local/sw4stm32/plugins/fr.ac6.mcu.externaltools.arm-none.linux64_1.16.0.201807130628/tools/compiler/bin/../lib/gcc/arm-none-eabi/7.2.1/../../../../arm-none-eabi/lib/thumb/v7-m/libc_nano.a(lib_a-closer.o)
 .ARM.attributes
                0x000000000000088a       0x2d /home/j/.local/sw4stm32/plugins/fr.ac6.mcu.externaltools.arm-none.linux64_1.16.0.201807130628/tools/compiler/bin/../lib/gcc/arm-none-eabi/7.2.1/../../../../arm-none-eabi/lib/thumb/v7-m/libc_nano.a(lib_a-fstatr.o)
 .ARM.attributes
                0x00000000000008b7       0x2d /home/j/.local/sw4stm32/plugins/fr.ac6.mcu.externaltools.arm-none.linux64_1.16.0.201807130628/tools/compiler/bin/../lib/gcc/arm-none-eabi/7.2.1/../../../../arm-none-eabi/lib/thumb/v7-m/libc_nano.a(lib_a-isattyr.o)
 .ARM.attributes
                0x00000000000008e4       0x2d /home/j/.local/sw4stm32/plugins/fr.ac6.mcu.externaltools.arm-none.linux64_1.16.0.201807130628/tools/compiler/bin/../lib/gcc/arm-none-eabi/7.2.1/../../../../arm-none-eabi/lib/thumb/v7-m/libc_nano.a(lib_a-lseekr.o)
 .ARM.attributes
                0x0000000000000911       0x2d /home/j/.local/sw4stm32/plugins/fr.ac6.mcu.externaltools.arm-none.linux64_1.16.0.201807130628/tools/compiler/bin/../lib/gcc/arm-none-eabi/7.2.1/../../../../arm-none-eabi/lib/thumb/v7-m/libc_nano.a(lib_a-memchr-stub.o)
 .ARM.attributes
                0x000000000000093e       0x2d /home/j/.local/sw4stm32/plugins/fr.ac6.mcu.externaltools.arm-none.linux64_1.16.0.201807130628/tools/compiler/bin/../lib/gcc/arm-none-eabi/7.2.1/../../../../arm-none-eabi/lib/thumb/v7-m/libc_nano.a(lib_a-mlock.o)
 .ARM.attributes
                0x000000000000096b       0x2d /home/j/.local/sw4stm32/plugins/fr.ac6.mcu.externaltools.arm-none.linux64_1.16.0.201807130628/tools/compiler/bin/../lib/gcc/arm-none-eabi/7.2.1/../../../../arm-none-eabi/lib/thumb/v7-m/libc_nano.a(lib_a-readr.o)
 .ARM.attributes
                0x0000000000000998       0x2d /home/j/.local/sw4stm32/plugins/fr.ac6.mcu.externaltools.arm-none.linux64_1.16.0.201807130628/tools/compiler/bin/../lib/gcc/arm-none-eabi/7.2.1/../../../../arm-none-eabi/lib/thumb/v7-m/libc_nano.a(lib_a-reent.o)
 .ARM.attributes
                0x00000000000009c5       0x2d /home/j/.local/sw4stm32/plugins/fr.ac6.mcu.externaltools.arm-none.linux64_1.16.0.201807130628/tools/compiler/bin/../lib/gcc/arm-none-eabi/7.2.1/../../../../arm-none-eabi/lib/thumb/v7-m/libnosys.a(close.o)
 .ARM.attributes
                0x00000000000009f2       0x2d /home/j/.local/sw4stm32/plugins/fr.ac6.mcu.externaltools.arm-none.linux64_1.16.0.201807130628/tools/compiler/bin/../lib/gcc/arm-none-eabi/7.2.1/../../../../arm-none-eabi/lib/thumb/v7-m/libnosys.a(fstat.o)
 .ARM.attributes
                0x0000000000000a1f       0x2d /home/j/.local/sw4stm32/plugins/fr.ac6.mcu.externaltools.arm-none.linux64_1.16.0.201807130628/tools/compiler/bin/../lib/gcc/arm-none-eabi/7.2.1/../../../../arm-none-eabi/lib/thumb/v7-m/libnosys.a(isatty.o)
 .ARM.attributes
                0x0000000000000a4c       0x2d /home/j/.local/sw4stm32/plugins/fr.ac6.mcu.externaltools.arm-none.linux64_1.16.0.201807130628/tools/compiler/bin/../lib/gcc/arm-none-eabi/7.2.1/../../../../arm-none-eabi/lib/thumb/v7-m/libnosys.a(lseek.o)
 .ARM.attributes
                0x0000000000000a79       0x2d /home/j/.local/sw4stm32/plugins/fr.ac6.mcu.externaltools.arm-none.linux64_1.16.0.201807130628/tools/compiler/bin/../lib/gcc/arm-none-eabi/7.2.1/../../../../arm-none-eabi/lib/thumb/v7-m/libnosys.a(read.o)
 .ARM.attributes
                0x0000000000000aa6       0x2d /home/j/.local/sw4stm32/plugins/fr.ac6.mcu.externaltools.arm-none.linux64_1.16.0.201807130628/tools/compiler/bin/../lib/gcc/arm-none-eabi/7.2.1/../../../../arm-none-eabi/lib/thumb/v7-m/libnosys.a(sbrk.o)
 .ARM.attributes
                0x0000000000000ad3       0x2d /home/j/.local/sw4stm32/plugins/fr.ac6.mcu.externaltools.arm-none.linux64_1.16.0.201807130628/tools/compiler/bin/../lib/gcc/arm-none-eabi/7.2.1/../../../../arm-none-eabi/lib/thumb/v7-m/libnosys.a(write.o)
 .ARM.attributes
                0x0000000000000b00       0x1d /home/j/.local/sw4stm32/plugins/fr.ac6.mcu.externaltools.arm-none.linux64_1.16.0.201807130628/tools/compiler/bin/../lib/gcc/arm-none-eabi/7.2.1/thumb/v7-m/crtn.o
OUTPUT(security-radio-board.elf elf32-littlearm)

.debug_info     0x0000000000000000    0x1f40d
 .debug_info    0x0000000000000000     0x1013 Drivers/STM32F1xx_HAL_Driver/stm32f1xx_hal.o
 .debug_info    0x0000000000001013     0x1630 Drivers/STM32F1xx_HAL_Driver/stm32f1xx_hal_cortex.o
 .debug_info    0x0000000000002643     0x1087 Drivers/STM32F1xx_HAL_Driver/stm32f1xx_hal_gpio.o
 .debug_info    0x00000000000036ca      0xb15 Drivers/STM32F1xx_HAL_Driver/stm32f1xx_hal_iwdg.o
 .debug_info    0x00000000000041df     0x14c9 Drivers/STM32F1xx_HAL_Driver/stm32f1xx_hal_rcc.o
 .debug_info    0x00000000000056a8      0xf4a Drivers/STM32F1xx_HAL_Driver/stm32f1xx_hal_spi_ex.o
 .debug_info    0x00000000000065f2     0x4cda Drivers/STM32F1xx_HAL_Driver/stm32f1xx_hal_tim.o
 .debug_info    0x000000000000b2cc     0x205c Drivers/STM32F1xx_HAL_Driver/stm32f1xx_hal_tim_ex.o
 .debug_info    0x000000000000d328     0x20f1 Drivers/STM32F1xx_HAL_Driver/stm32f1xx_hal_uart.o
 .debug_info    0x000000000000f419     0x231e Middlewares/FreeRTOS/cmsis_os.o
 .debug_info    0x0000000000011737      0xc71 Middlewares/FreeRTOS/heap_4.o
 .debug_info    0x00000000000123a8      0xacd Middlewares/FreeRTOS/list.o
 .debug_info    0x0000000000012e75      0x4cb Middlewares/FreeRTOS/port.o
 .debug_info    0x0000000000013340     0x2915 Middlewares/FreeRTOS/tasks.o
 .debug_info    0x0000000000015c55      0xe6c Src/freertos.o
 .debug_info    0x0000000000016ac1      0xbd7 Src/gpio.o
 .debug_info    0x0000000000017698      0xa80 Src/iwdg.o
 .debug_info    0x0000000000018118     0x1868 Src/main.o
 .debug_info    0x0000000000019980     0x107e Src/spi.o
 .debug_info    0x000000000001a9fe      0xd36 Src/stm32f1xx_hal_msp.o
 .debug_info    0x000000000001b734     0x120c Src/stm32f1xx_hal_timebase_TIM.o
 .debug_info    0x000000000001c940      0xe83 Src/stm32f1xx_it.o
 .debug_info    0x000000000001d7c3      0xc15 Src/system_stm32f1xx.o
 .debug_info    0x000000000001e3d8     0x1013 Src/usart.o
 .debug_info    0x000000000001f3eb       0x22 startup/startup_stm32f103xe.o

.debug_abbrev   0x0000000000000000     0x40aa
 .debug_abbrev  0x0000000000000000      0x2f4 Drivers/STM32F1xx_HAL_Driver/stm32f1xx_hal.o
 .debug_abbrev  0x00000000000002f4      0x3e8 Drivers/STM32F1xx_HAL_Driver/stm32f1xx_hal_cortex.o
 .debug_abbrev  0x00000000000006dc      0x2de Drivers/STM32F1xx_HAL_Driver/stm32f1xx_hal_gpio.o
 .debug_abbrev  0x00000000000009ba      0x245 Drivers/STM32F1xx_HAL_Driver/stm32f1xx_hal_iwdg.o
 .debug_abbrev  0x0000000000000bff      0x326 Drivers/STM32F1xx_HAL_Driver/stm32f1xx_hal_rcc.o
 .debug_abbrev  0x0000000000000f25      0x222 Drivers/STM32F1xx_HAL_Driver/stm32f1xx_hal_spi_ex.o
 .debug_abbrev  0x0000000000001147      0x2ef Drivers/STM32F1xx_HAL_Driver/stm32f1xx_hal_tim.o
 .debug_abbrev  0x0000000000001436      0x2e0 Drivers/STM32F1xx_HAL_Driver/stm32f1xx_hal_tim_ex.o
 .debug_abbrev  0x0000000000001716      0x308 Drivers/STM32F1xx_HAL_Driver/stm32f1xx_hal_uart.o
 .debug_abbrev  0x0000000000001a1e      0x3d4 Middlewares/FreeRTOS/cmsis_os.o
 .debug_abbrev  0x0000000000001df2      0x318 Middlewares/FreeRTOS/heap_4.o
 .debug_abbrev  0x000000000000210a      0x21c Middlewares/FreeRTOS/list.o
 .debug_abbrev  0x0000000000002326      0x24e Middlewares/FreeRTOS/port.o
 .debug_abbrev  0x0000000000002574      0x3cf Middlewares/FreeRTOS/tasks.o
 .debug_abbrev  0x0000000000002943      0x2b6 Src/freertos.o
 .debug_abbrev  0x0000000000002bf9      0x22b Src/gpio.o
 .debug_abbrev  0x0000000000002e24      0x21e Src/iwdg.o
 .debug_abbrev  0x0000000000003042      0x290 Src/main.o
 .debug_abbrev  0x00000000000032d2      0x258 Src/spi.o
 .debug_abbrev  0x000000000000352a      0x234 Src/stm32f1xx_hal_msp.o
 .debug_abbrev  0x000000000000375e      0x299 Src/stm32f1xx_hal_timebase_TIM.o
 .debug_abbrev  0x00000000000039f7      0x221 Src/stm32f1xx_it.o
 .debug_abbrev  0x0000000000003c18      0x228 Src/system_stm32f1xx.o
 .debug_abbrev  0x0000000000003e40      0x258 Src/usart.o
 .debug_abbrev  0x0000000000004098       0x12 startup/startup_stm32f103xe.o

.debug_loc      0x0000000000000000     0x8048
 .debug_loc     0x0000000000000000       0xee Drivers/STM32F1xx_HAL_Driver/stm32f1xx_hal.o
 .debug_loc     0x00000000000000ee      0x707 Drivers/STM32F1xx_HAL_Driver/stm32f1xx_hal_cortex.o
 .debug_loc     0x00000000000007f5      0x550 Drivers/STM32F1xx_HAL_Driver/stm32f1xx_hal_gpio.o
 .debug_loc     0x0000000000000d45       0x76 Drivers/STM32F1xx_HAL_Driver/stm32f1xx_hal_iwdg.o
 .debug_loc     0x0000000000000dbb      0x585 Drivers/STM32F1xx_HAL_Driver/stm32f1xx_hal_rcc.o
 .debug_loc     0x0000000000001340       0x37 Drivers/STM32F1xx_HAL_Driver/stm32f1xx_hal_spi_ex.o
 .debug_loc     0x0000000000001377     0x23f4 Drivers/STM32F1xx_HAL_Driver/stm32f1xx_hal_tim.o
 .debug_loc     0x000000000000376b      0xd16 Drivers/STM32F1xx_HAL_Driver/stm32f1xx_hal_tim_ex.o
 .debug_loc     0x0000000000004481     0x145a Drivers/STM32F1xx_HAL_Driver/stm32f1xx_hal_uart.o
 .debug_loc     0x00000000000058db      0xee1 Middlewares/FreeRTOS/cmsis_os.o
 .debug_loc     0x00000000000067bc      0x291 Middlewares/FreeRTOS/heap_4.o
 .debug_loc     0x0000000000006a4d       0x70 Middlewares/FreeRTOS/list.o
 .debug_loc     0x0000000000006abd       0xce Middlewares/FreeRTOS/port.o
 .debug_loc     0x0000000000006b8b     0x11ef Middlewares/FreeRTOS/tasks.o
 .debug_loc     0x0000000000007d7a       0x86 Src/freertos.o
 .debug_loc     0x0000000000007e00       0x3a Src/main.o
 .debug_loc     0x0000000000007e3a       0x5b Src/spi.o
 .debug_loc     0x0000000000007e95       0x79 Src/stm32f1xx_hal_timebase_TIM.o
 .debug_loc     0x0000000000007f0e       0xdf Src/system_stm32f1xx.o
 .debug_loc     0x0000000000007fed       0x5b Src/usart.o

.debug_aranges  0x0000000000000000      0xf80
 .debug_aranges
                0x0000000000000000       0xd0 Drivers/STM32F1xx_HAL_Driver/stm32f1xx_hal.o
 .debug_aranges
                0x00000000000000d0       0x90 Drivers/STM32F1xx_HAL_Driver/stm32f1xx_hal_cortex.o
 .debug_aranges
                0x0000000000000160       0x58 Drivers/STM32F1xx_HAL_Driver/stm32f1xx_hal_gpio.o
 .debug_aranges
                0x00000000000001b8       0x28 Drivers/STM32F1xx_HAL_Driver/stm32f1xx_hal_iwdg.o
 .debug_aranges
                0x00000000000001e0       0x90 Drivers/STM32F1xx_HAL_Driver/stm32f1xx_hal_rcc.o
 .debug_aranges
                0x0000000000000270       0x20 Drivers/STM32F1xx_HAL_Driver/stm32f1xx_hal_spi_ex.o
 .debug_aranges
                0x0000000000000290      0x368 Drivers/STM32F1xx_HAL_Driver/stm32f1xx_hal_tim.o
 .debug_aranges
                0x00000000000005f8      0x138 Drivers/STM32F1xx_HAL_Driver/stm32f1xx_hal_tim_ex.o
 .debug_aranges
                0x0000000000000730      0x1d0 Drivers/STM32F1xx_HAL_Driver/stm32f1xx_hal_uart.o
 .debug_aranges
                0x0000000000000900      0x1d8 Middlewares/FreeRTOS/cmsis_os.o
 .debug_aranges
                0x0000000000000ad8       0x50 Middlewares/FreeRTOS/heap_4.o
 .debug_aranges
                0x0000000000000b28       0x40 Middlewares/FreeRTOS/list.o
 .debug_aranges
                0x0000000000000b68       0x78 Middlewares/FreeRTOS/port.o
 .debug_aranges
                0x0000000000000be0      0x190 Middlewares/FreeRTOS/tasks.o
 .debug_aranges
                0x0000000000000d70       0x38 Src/freertos.o
 .debug_aranges
                0x0000000000000da8       0x20 Src/gpio.o
 .debug_aranges
                0x0000000000000dc8       0x20 Src/iwdg.o
 .debug_aranges
                0x0000000000000de8       0x40 Src/main.o
 .debug_aranges
                0x0000000000000e28       0x30 Src/spi.o
 .debug_aranges
                0x0000000000000e58       0x20 Src/stm32f1xx_hal_msp.o
 .debug_aranges
                0x0000000000000e78       0x30 Src/stm32f1xx_hal_timebase_TIM.o
 .debug_aranges
                0x0000000000000ea8       0x58 Src/stm32f1xx_it.o
 .debug_aranges
                0x0000000000000f00       0x28 Src/system_stm32f1xx.o
 .debug_aranges
                0x0000000000000f28       0x30 Src/usart.o
 .debug_aranges
                0x0000000000000f58       0x28 startup/startup_stm32f103xe.o

.debug_ranges   0x0000000000000000      0xee8
 .debug_ranges  0x0000000000000000       0xc0 Drivers/STM32F1xx_HAL_Driver/stm32f1xx_hal.o
 .debug_ranges  0x00000000000000c0       0xe0 Drivers/STM32F1xx_HAL_Driver/stm32f1xx_hal_cortex.o
 .debug_ranges  0x00000000000001a0       0x48 Drivers/STM32F1xx_HAL_Driver/stm32f1xx_hal_gpio.o
 .debug_ranges  0x00000000000001e8       0x18 Drivers/STM32F1xx_HAL_Driver/stm32f1xx_hal_iwdg.o
 .debug_ranges  0x0000000000000200       0xa0 Drivers/STM32F1xx_HAL_Driver/stm32f1xx_hal_rcc.o
 .debug_ranges  0x00000000000002a0       0x10 Drivers/STM32F1xx_HAL_Driver/stm32f1xx_hal_spi_ex.o
 .debug_ranges  0x00000000000002b0      0x358 Drivers/STM32F1xx_HAL_Driver/stm32f1xx_hal_tim.o
 .debug_ranges  0x0000000000000608      0x128 Drivers/STM32F1xx_HAL_Driver/stm32f1xx_hal_tim_ex.o
 .debug_ranges  0x0000000000000730      0x1c0 Drivers/STM32F1xx_HAL_Driver/stm32f1xx_hal_uart.o
 .debug_ranges  0x00000000000008f0      0x1c8 Middlewares/FreeRTOS/cmsis_os.o
 .debug_ranges  0x0000000000000ab8       0x40 Middlewares/FreeRTOS/heap_4.o
 .debug_ranges  0x0000000000000af8       0x30 Middlewares/FreeRTOS/list.o
 .debug_ranges  0x0000000000000b28       0x68 Middlewares/FreeRTOS/port.o
 .debug_ranges  0x0000000000000b90      0x1f0 Middlewares/FreeRTOS/tasks.o
 .debug_ranges  0x0000000000000d80       0x28 Src/freertos.o
 .debug_ranges  0x0000000000000da8       0x10 Src/gpio.o
 .debug_ranges  0x0000000000000db8       0x10 Src/iwdg.o
 .debug_ranges  0x0000000000000dc8       0x30 Src/main.o
 .debug_ranges  0x0000000000000df8       0x20 Src/spi.o
 .debug_ranges  0x0000000000000e18       0x10 Src/stm32f1xx_hal_msp.o
 .debug_ranges  0x0000000000000e28       0x20 Src/stm32f1xx_hal_timebase_TIM.o
 .debug_ranges  0x0000000000000e48       0x48 Src/stm32f1xx_it.o
 .debug_ranges  0x0000000000000e90       0x18 Src/system_stm32f1xx.o
 .debug_ranges  0x0000000000000ea8       0x20 Src/usart.o
 .debug_ranges  0x0000000000000ec8       0x20 startup/startup_stm32f103xe.o

.debug_macro    0x0000000000000000    0x1a231
 .debug_macro   0x0000000000000000      0x32b Drivers/STM32F1xx_HAL_Driver/stm32f1xx_hal.o
 .debug_macro   0x000000000000032b      0xa60 Drivers/STM32F1xx_HAL_Driver/stm32f1xx_hal.o
 .debug_macro   0x0000000000000d8b       0x6a Drivers/STM32F1xx_HAL_Driver/stm32f1xx_hal.o
 .debug_macro   0x0000000000000df5      0x17c Drivers/STM32F1xx_HAL_Driver/stm32f1xx_hal.o
 .debug_macro   0x0000000000000f71       0x2e Drivers/STM32F1xx_HAL_Driver/stm32f1xx_hal.o
 .debug_macro   0x0000000000000f9f       0x22 Drivers/STM32F1xx_HAL_Driver/stm32f1xx_hal.o
 .debug_macro   0x0000000000000fc1       0x22 Drivers/STM32F1xx_HAL_Driver/stm32f1xx_hal.o
 .debug_macro   0x0000000000000fe3       0x87 Drivers/STM32F1xx_HAL_Driver/stm32f1xx_hal.o
 .debug_macro   0x000000000000106a       0x51 Drivers/STM32F1xx_HAL_Driver/stm32f1xx_hal.o
 .debug_macro   0x00000000000010bb       0xef Drivers/STM32F1xx_HAL_Driver/stm32f1xx_hal.o
 .debug_macro   0x00000000000011aa       0x6a Drivers/STM32F1xx_HAL_Driver/stm32f1xx_hal.o
 .debug_macro   0x0000000000001214      0x1df Drivers/STM32F1xx_HAL_Driver/stm32f1xx_hal.o
 .debug_macro   0x00000000000013f3       0x34 Drivers/STM32F1xx_HAL_Driver/stm32f1xx_hal.o
 .debug_macro   0x0000000000001427       0x34 Drivers/STM32F1xx_HAL_Driver/stm32f1xx_hal.o
 .debug_macro   0x000000000000145b      0xb8e Drivers/STM32F1xx_HAL_Driver/stm32f1xx_hal.o
 .debug_macro   0x0000000000001fe9     0xfd7e Drivers/STM32F1xx_HAL_Driver/stm32f1xx_hal.o
 .debug_macro   0x0000000000011d67       0x43 Drivers/STM32F1xx_HAL_Driver/stm32f1xx_hal.o
 .debug_macro   0x0000000000011daa       0x58 Drivers/STM32F1xx_HAL_Driver/stm32f1xx_hal.o
 .debug_macro   0x0000000000011e02       0x17 Drivers/STM32F1xx_HAL_Driver/stm32f1xx_hal.o
 .debug_macro   0x0000000000011e19       0x35 Drivers/STM32F1xx_HAL_Driver/stm32f1xx_hal.o
 .debug_macro   0x0000000000011e4e       0x9c Drivers/STM32F1xx_HAL_Driver/stm32f1xx_hal.o
 .debug_macro   0x0000000000011eea       0x16 Drivers/STM32F1xx_HAL_Driver/stm32f1xx_hal.o
 .debug_macro   0x0000000000011f00       0x97 Drivers/STM32F1xx_HAL_Driver/stm32f1xx_hal.o
 .debug_macro   0x0000000000011f97      0x330 Drivers/STM32F1xx_HAL_Driver/stm32f1xx_hal.o
 .debug_macro   0x00000000000122c7       0xfd Drivers/STM32F1xx_HAL_Driver/stm32f1xx_hal.o
 .debug_macro   0x00000000000123c4       0x10 Drivers/STM32F1xx_HAL_Driver/stm32f1xx_hal.o
 .debug_macro   0x00000000000123d4       0x58 Drivers/STM32F1xx_HAL_Driver/stm32f1xx_hal.o
 .debug_macro   0x000000000001242c       0x1f Drivers/STM32F1xx_HAL_Driver/stm32f1xx_hal.o
 .debug_macro   0x000000000001244b       0x43 Drivers/STM32F1xx_HAL_Driver/stm32f1xx_hal.o
 .debug_macro   0x000000000001248e       0x20 Drivers/STM32F1xx_HAL_Driver/stm32f1xx_hal.o
 .debug_macro   0x00000000000124ae      0x18e Drivers/STM32F1xx_HAL_Driver/stm32f1xx_hal.o
 .debug_macro   0x000000000001263c       0x10 Drivers/STM32F1xx_HAL_Driver/stm32f1xx_hal.o
 .debug_macro   0x000000000001264c       0x1c Drivers/STM32F1xx_HAL_Driver/stm32f1xx_hal.o
 .debug_macro   0x0000000000012668       0x52 Drivers/STM32F1xx_HAL_Driver/stm32f1xx_hal.o
 .debug_macro   0x00000000000126ba       0x40 Drivers/STM32F1xx_HAL_Driver/stm32f1xx_hal.o
 .debug_macro   0x00000000000126fa       0x10 Drivers/STM32F1xx_HAL_Driver/stm32f1xx_hal.o
 .debug_macro   0x000000000001270a       0x40 Drivers/STM32F1xx_HAL_Driver/stm32f1xx_hal.o
 .debug_macro   0x000000000001274a       0xd7 Drivers/STM32F1xx_HAL_Driver/stm32f1xx_hal.o
 .debug_macro   0x0000000000012821       0x1c Drivers/STM32F1xx_HAL_Driver/stm32f1xx_hal.o
 .debug_macro   0x000000000001283d       0x3d Drivers/STM32F1xx_HAL_Driver/stm32f1xx_hal.o
 .debug_macro   0x000000000001287a       0x16 Drivers/STM32F1xx_HAL_Driver/stm32f1xx_hal.o
 .debug_macro   0x0000000000012890      0x16f Drivers/STM32F1xx_HAL_Driver/stm32f1xx_hal.o
 .debug_macro   0x00000000000129ff       0x50 Drivers/STM32F1xx_HAL_Driver/stm32f1xx_hal.o
 .debug_macro   0x0000000000012a4f      0x5c2 Drivers/STM32F1xx_HAL_Driver/stm32f1xx_hal.o
 .debug_macro   0x0000000000013011      0x4d6 Drivers/STM32F1xx_HAL_Driver/stm32f1xx_hal.o
 .debug_macro   0x00000000000134e7      0x1cb Drivers/STM32F1xx_HAL_Driver/stm32f1xx_hal.o
 .debug_macro   0x00000000000136b2      0x11e Drivers/STM32F1xx_HAL_Driver/stm32f1xx_hal.o
 .debug_macro   0x00000000000137d0      0x1eb Drivers/STM32F1xx_HAL_Driver/stm32f1xx_hal.o
 .debug_macro   0x00000000000139bb       0x27 Drivers/STM32F1xx_HAL_Driver/stm32f1xx_hal.o
 .debug_macro   0x00000000000139e2      0x1bc Drivers/STM32F1xx_HAL_Driver/stm32f1xx_hal.o
 .debug_macro   0x0000000000013b9e       0x31 Drivers/STM32F1xx_HAL_Driver/stm32f1xx_hal.o
 .debug_macro   0x0000000000013bcf       0x3c Drivers/STM32F1xx_HAL_Driver/stm32f1xx_hal.o
 .debug_macro   0x0000000000013c0b       0x57 Drivers/STM32F1xx_HAL_Driver/stm32f1xx_hal.o
 .debug_macro   0x0000000000013c62       0x8c Drivers/STM32F1xx_HAL_Driver/stm32f1xx_hal.o
 .debug_macro   0x0000000000013cee      0x250 Drivers/STM32F1xx_HAL_Driver/stm32f1xx_hal.o
 .debug_macro   0x0000000000013f3e       0x79 Drivers/STM32F1xx_HAL_Driver/stm32f1xx_hal.o
 .debug_macro   0x0000000000013fb7      0x143 Drivers/STM32F1xx_HAL_Driver/stm32f1xx_hal.o
 .debug_macro   0x00000000000140fa      0x1f4 Drivers/STM32F1xx_HAL_Driver/stm32f1xx_hal.o
 .debug_macro   0x00000000000142ee      0x84c Drivers/STM32F1xx_HAL_Driver/stm32f1xx_hal.o
 .debug_macro   0x0000000000014b3a       0x1f Drivers/STM32F1xx_HAL_Driver/stm32f1xx_hal.o
 .debug_macro   0x0000000000014b59      0x26b Drivers/STM32F1xx_HAL_Driver/stm32f1xx_hal.o
 .debug_macro   0x0000000000014dc4       0xb9 Drivers/STM32F1xx_HAL_Driver/stm32f1xx_hal.o
 .debug_macro   0x0000000000014e7d      0x307 Drivers/STM32F1xx_HAL_Driver/stm32f1xx_hal_cortex.o
 .debug_macro   0x0000000000015184      0x377 Drivers/STM32F1xx_HAL_Driver/stm32f1xx_hal_gpio.o
 .debug_macro   0x00000000000154fb      0x30d Drivers/STM32F1xx_HAL_Driver/stm32f1xx_hal_iwdg.o
 .debug_macro   0x0000000000015808      0x319 Drivers/STM32F1xx_HAL_Driver/stm32f1xx_hal_rcc.o
 .debug_macro   0x0000000000015b21      0x307 Drivers/STM32F1xx_HAL_Driver/stm32f1xx_hal_spi_ex.o
 .debug_macro   0x0000000000015e28      0x307 Drivers/STM32F1xx_HAL_Driver/stm32f1xx_hal_tim.o
 .debug_macro   0x000000000001612f      0x307 Drivers/STM32F1xx_HAL_Driver/stm32f1xx_hal_tim_ex.o
 .debug_macro   0x0000000000016436      0x308 Drivers/STM32F1xx_HAL_Driver/stm32f1xx_hal_uart.o
 .debug_macro   0x000000000001673e      0x1fc Middlewares/FreeRTOS/cmsis_os.o
 .debug_macro   0x000000000001693a       0x52 Middlewares/FreeRTOS/cmsis_os.o
 .debug_macro   0x000000000001698c       0x8d Middlewares/FreeRTOS/cmsis_os.o
 .debug_macro   0x0000000000016a19      0x174 Middlewares/FreeRTOS/cmsis_os.o
 .debug_macro   0x0000000000016b8d       0x57 Middlewares/FreeRTOS/cmsis_os.o
 .debug_macro   0x0000000000016be4       0x10 Middlewares/FreeRTOS/cmsis_os.o
 .debug_macro   0x0000000000016bf4       0x35 Middlewares/FreeRTOS/cmsis_os.o
 .debug_macro   0x0000000000016c29       0xd2 Middlewares/FreeRTOS/cmsis_os.o
 .debug_macro   0x0000000000016cfb      0x168 Middlewares/FreeRTOS/cmsis_os.o
 .debug_macro   0x0000000000016e63       0xe4 Middlewares/FreeRTOS/cmsis_os.o
 .debug_macro   0x0000000000016f47       0x10 Middlewares/FreeRTOS/cmsis_os.o
 .debug_macro   0x0000000000016f57       0x1f Middlewares/FreeRTOS/cmsis_os.o
 .debug_macro   0x0000000000016f76      0x40f Middlewares/FreeRTOS/cmsis_os.o
 .debug_macro   0x0000000000017385       0xc0 Middlewares/FreeRTOS/cmsis_os.o
 .debug_macro   0x0000000000017445       0x8c Middlewares/FreeRTOS/cmsis_os.o
 .debug_macro   0x00000000000174d1       0x91 Middlewares/FreeRTOS/cmsis_os.o
 .debug_macro   0x0000000000017562       0x94 Middlewares/FreeRTOS/cmsis_os.o
 .debug_macro   0x00000000000175f6       0x63 Middlewares/FreeRTOS/cmsis_os.o
 .debug_macro   0x0000000000017659       0x19 Middlewares/FreeRTOS/cmsis_os.o
 .debug_macro   0x0000000000017672       0xcf Middlewares/FreeRTOS/cmsis_os.o
 .debug_macro   0x0000000000017741       0x26 Middlewares/FreeRTOS/cmsis_os.o
 .debug_macro   0x0000000000017767      0x1b1 Middlewares/FreeRTOS/heap_4.o
 .debug_macro   0x0000000000017918      0x18a Middlewares/FreeRTOS/list.o
 .debug_macro   0x0000000000017aa2      0x185 Middlewares/FreeRTOS/port.o
 .debug_macro   0x0000000000017c27      0x273 Middlewares/FreeRTOS/tasks.o
 .debug_macro   0x0000000000017e9a       0x11 Middlewares/FreeRTOS/tasks.o
 .debug_macro   0x0000000000017eab      0x3d3 Src/freertos.o
 .debug_macro   0x000000000001827e      0x182 Src/freertos.o
 .debug_macro   0x0000000000018400       0x3a Src/freertos.o
 .debug_macro   0x000000000001843a      0x311 Src/gpio.o
 .debug_macro   0x000000000001874b      0x311 Src/iwdg.o
 .debug_macro   0x0000000000018a5c      0x3e7 Src/main.o
 .debug_macro   0x0000000000018e43       0xd8 Src/main.o
 .debug_macro   0x0000000000018f1b      0x31b Src/spi.o
 .debug_macro   0x0000000000019236      0x307 Src/stm32f1xx_hal_msp.o
 .debug_macro   0x000000000001953d      0x307 Src/stm32f1xx_hal_timebase_TIM.o
 .debug_macro   0x0000000000019844      0x3c5 Src/stm32f1xx_it.o
 .debug_macro   0x0000000000019c09      0x30d Src/system_stm32f1xx.o
 .debug_macro   0x0000000000019f16      0x31b Src/usart.o

.debug_line     0x0000000000000000    0x106c1
 .debug_line    0x0000000000000000      0x942 Drivers/STM32F1xx_HAL_Driver/stm32f1xx_hal.o
 .debug_line    0x0000000000000942      0x994 Drivers/STM32F1xx_HAL_Driver/stm32f1xx_hal_cortex.o
 .debug_line    0x00000000000012d6      0xa79 Drivers/STM32F1xx_HAL_Driver/stm32f1xx_hal_gpio.o
 .debug_line    0x0000000000001d4f      0x7cb Drivers/STM32F1xx_HAL_Driver/stm32f1xx_hal_iwdg.o
 .debug_line    0x000000000000251a      0xbc7 Drivers/STM32F1xx_HAL_Driver/stm32f1xx_hal_rcc.o
 .debug_line    0x00000000000030e1      0x848 Drivers/STM32F1xx_HAL_Driver/stm32f1xx_hal_spi_ex.o
 .debug_line    0x0000000000003929     0x2c7d Drivers/STM32F1xx_HAL_Driver/stm32f1xx_hal_tim.o
 .debug_line    0x00000000000065a6     0x1179 Drivers/STM32F1xx_HAL_Driver/stm32f1xx_hal_tim_ex.o
 .debug_line    0x000000000000771f     0x11cd Drivers/STM32F1xx_HAL_Driver/stm32f1xx_hal_uart.o
 .debug_line    0x00000000000088ec      0xc12 Middlewares/FreeRTOS/cmsis_os.o
 .debug_line    0x00000000000094fe      0x655 Middlewares/FreeRTOS/heap_4.o
 .debug_line    0x0000000000009b53      0x5a1 Middlewares/FreeRTOS/list.o
 .debug_line    0x000000000000a0f4      0x60d Middlewares/FreeRTOS/port.o
 .debug_line    0x000000000000a701      0xe3d Middlewares/FreeRTOS/tasks.o
 .debug_line    0x000000000000b53e      0x9b8 Src/freertos.o
 .debug_line    0x000000000000bef6      0x745 Src/gpio.o
 .debug_line    0x000000000000c63b      0x73c Src/iwdg.o
 .debug_line    0x000000000000cd77      0x9cb Src/main.o
 .debug_line    0x000000000000d742      0x784 Src/spi.o
 .debug_line    0x000000000000dec6      0x743 Src/stm32f1xx_hal_msp.o
 .debug_line    0x000000000000e609      0x775 Src/stm32f1xx_hal_timebase_TIM.o
 .debug_line    0x000000000000ed7e      0x9c9 Src/stm32f1xx_it.o
 .debug_line    0x000000000000f747      0x779 Src/system_stm32f1xx.o
 .debug_line    0x000000000000fec0      0x784 Src/usart.o
 .debug_line    0x0000000000010644       0x7d startup/startup_stm32f103xe.o

.debug_str      0x0000000000000000    0x85cff
 .debug_str     0x0000000000000000    0x7b4d9 Drivers/STM32F1xx_HAL_Driver/stm32f1xx_hal.o
                                      0x7b982 (size before relaxing)
 .debug_str     0x000000000007b4d9      0x32a Drivers/STM32F1xx_HAL_Driver/stm32f1xx_hal_cortex.o
                                      0x7b8f4 (size before relaxing)
 .debug_str     0x000000000007b803      0x3de Drivers/STM32F1xx_HAL_Driver/stm32f1xx_hal_gpio.o
                                      0x7b557 (size before relaxing)
 .debug_str     0x000000000007bbe1       0xf1 Drivers/STM32F1xx_HAL_Driver/stm32f1xx_hal_iwdg.o
                                      0x7b215 (size before relaxing)
 .debug_str     0x000000000007bcd2      0x39d Drivers/STM32F1xx_HAL_Driver/stm32f1xx_hal_rcc.o
                                      0x7b5ac (size before relaxing)
 .debug_str     0x000000000007c06f      0x3eb Drivers/STM32F1xx_HAL_Driver/stm32f1xx_hal_spi_ex.o
                                      0x7b53e (size before relaxing)
 .debug_str     0x000000000007c45a      0xf6c Drivers/STM32F1xx_HAL_Driver/stm32f1xx_hal_tim.o
                                      0x7c2ac (size before relaxing)
 .debug_str     0x000000000007d3c6      0x526 Drivers/STM32F1xx_HAL_Driver/stm32f1xx_hal_tim_ex.o
                                      0x7bb4e (size before relaxing)
 .debug_str     0x000000000007d8ec      0x6ca Drivers/STM32F1xx_HAL_Driver/stm32f1xx_hal_uart.o
                                      0x7bac5 (size before relaxing)
 .debug_str     0x000000000007dfb6     0x5d46 Middlewares/FreeRTOS/cmsis_os.o
                                       0xcc73 (size before relaxing)
 .debug_str     0x0000000000083cfc      0x3ca Middlewares/FreeRTOS/heap_4.o
                                       0xa643 (size before relaxing)
 .debug_str     0x00000000000840c6      0x172 Middlewares/FreeRTOS/list.o
                                       0x9f03 (size before relaxing)
 .debug_str     0x0000000000084238      0x72f Middlewares/FreeRTOS/port.o
                                       0x7d91 (size before relaxing)
 .debug_str     0x0000000000084967      0xffd Middlewares/FreeRTOS/tasks.o
                                       0xbf96 (size before relaxing)
 .debug_str     0x0000000000085964       0xbc Src/freertos.o
                                      0x8056a (size before relaxing)
 .debug_str     0x0000000000085a20       0x2b Src/gpio.o
                                      0x7b1b6 (size before relaxing)
 .debug_str     0x0000000000085a4b       0x2a Src/iwdg.o
                                      0x7b171 (size before relaxing)
 .debug_str     0x0000000000085a75       0x95 Src/main.o
                                      0x8106a (size before relaxing)
 .debug_str     0x0000000000085b0a       0x29 Src/spi.o
                                      0x7b5ae (size before relaxing)
 .debug_str     0x0000000000085b33       0x1b Src/stm32f1xx_hal_msp.o
                                      0x7b539 (size before relaxing)
 .debug_str     0x0000000000085b4e       0x61 Src/stm32f1xx_hal_timebase_TIM.o
                                      0x7ba12 (size before relaxing)
 .debug_str     0x0000000000085baf       0x9d Src/stm32f1xx_it.o
                                      0x80754 (size before relaxing)
 .debug_str     0x0000000000085c4c       0x69 Src/system_stm32f1xx.o
                                      0x7b1bf (size before relaxing)
 .debug_str     0x0000000000085cb5       0x1a Src/usart.o
                                      0x7b591 (size before relaxing)
 .debug_str     0x0000000000085ccf       0x30 startup/startup_stm32f103xe.o
                                         0x5d (size before relaxing)

.comment        0x0000000000000000       0x7e
 .comment       0x0000000000000000       0x7e Drivers/STM32F1xx_HAL_Driver/stm32f1xx_hal.o
                                         0x7f (size before relaxing)
 .comment       0x000000000000007e       0x7f Drivers/STM32F1xx_HAL_Driver/stm32f1xx_hal_cortex.o
 .comment       0x000000000000007e       0x7f Drivers/STM32F1xx_HAL_Driver/stm32f1xx_hal_gpio.o
 .comment       0x000000000000007e       0x7f Drivers/STM32F1xx_HAL_Driver/stm32f1xx_hal_iwdg.o
 .comment       0x000000000000007e       0x7f Drivers/STM32F1xx_HAL_Driver/stm32f1xx_hal_rcc.o
 .comment       0x000000000000007e       0x7f Drivers/STM32F1xx_HAL_Driver/stm32f1xx_hal_spi_ex.o
 .comment       0x000000000000007e       0x7f Drivers/STM32F1xx_HAL_Driver/stm32f1xx_hal_tim.o
 .comment       0x000000000000007e       0x7f Drivers/STM32F1xx_HAL_Driver/stm32f1xx_hal_tim_ex.o
 .comment       0x000000000000007e       0x7f Drivers/STM32F1xx_HAL_Driver/stm32f1xx_hal_uart.o
 .comment       0x000000000000007e       0x7f Middlewares/FreeRTOS/cmsis_os.o
 .comment       0x000000000000007e       0x7f Middlewares/FreeRTOS/heap_4.o
 .comment       0x000000000000007e       0x7f Middlewares/FreeRTOS/list.o
 .comment       0x000000000000007e       0x7f Middlewares/FreeRTOS/port.o
 .comment       0x000000000000007e       0x7f Middlewares/FreeRTOS/tasks.o
 .comment       0x000000000000007e       0x7f Src/freertos.o
 .comment       0x000000000000007e       0x7f Src/gpio.o
 .comment       0x000000000000007e       0x7f Src/iwdg.o
 .comment       0x000000000000007e       0x7f Src/main.o
 .comment       0x000000000000007e       0x7f Src/spi.o
 .comment       0x000000000000007e       0x7f Src/stm32f1xx_hal_msp.o
 .comment       0x000000000000007e       0x7f Src/stm32f1xx_hal_timebase_TIM.o
 .comment       0x000000000000007e       0x7f Src/stm32f1xx_it.o
 .comment       0x000000000000007e       0x7f Src/system_stm32f1xx.o
 .comment       0x000000000000007e       0x7f Src/usart.o

.debug_frame    0x0000000000000000     0x3188
 .debug_frame   0x0000000000000000      0x1ac Drivers/STM32F1xx_HAL_Driver/stm32f1xx_hal.o
 .debug_frame   0x00000000000001ac      0x164 Drivers/STM32F1xx_HAL_Driver/stm32f1xx_hal_cortex.o
 .debug_frame   0x0000000000000310       0xfc Drivers/STM32F1xx_HAL_Driver/stm32f1xx_hal_gpio.o
 .debug_frame   0x000000000000040c       0x44 Drivers/STM32F1xx_HAL_Driver/stm32f1xx_hal_iwdg.o
 .debug_frame   0x0000000000000450      0x18c Drivers/STM32F1xx_HAL_Driver/stm32f1xx_hal_rcc.o
 .debug_frame   0x00000000000005dc       0x30 Drivers/STM32F1xx_HAL_Driver/stm32f1xx_hal_spi_ex.o
 .debug_frame   0x000000000000060c      0xa8c Drivers/STM32F1xx_HAL_Driver/stm32f1xx_hal_tim.o
 .debug_frame   0x0000000000001098      0x3c0 Drivers/STM32F1xx_HAL_Driver/stm32f1xx_hal_tim_ex.o
 .debug_frame   0x0000000000001458      0x510 Drivers/STM32F1xx_HAL_Driver/stm32f1xx_hal_uart.o
 .debug_frame   0x0000000000001968      0x584 Middlewares/FreeRTOS/cmsis_os.o
 .debug_frame   0x0000000000001eec       0xac Middlewares/FreeRTOS/heap_4.o
 .debug_frame   0x0000000000001f98       0x6c Middlewares/FreeRTOS/list.o
 .debug_frame   0x0000000000002004       0xe0 Middlewares/FreeRTOS/port.o
 .debug_frame   0x00000000000020e4      0x4e8 Middlewares/FreeRTOS/tasks.o
 .debug_frame   0x00000000000025cc       0x7c Src/freertos.o
 .debug_frame   0x0000000000002648       0x34 Src/gpio.o